Archive member included to satisfy reference by file (symbol)

d:/study/embedded/stm32cubeide_1.7.0/stm32cubeide/plugins/com.st.stm32cube.ide.mcu.externaltools.gnu-tools-for-stm32.9-2020-q2-update.win32_2.0.0.202105311346/tools/bin/../lib/gcc/arm-none-eabi/9.3.1/../../../../arm-none-eabi/lib/thumb/v7e-m+fp/hard\libc_nano.a(lib_a-errno.o)
                              ./Core/Src/syscalls.o (__errno)
d:/study/embedded/stm32cubeide_1.7.0/stm32cubeide/plugins/com.st.stm32cube.ide.mcu.externaltools.gnu-tools-for-stm32.9-2020-q2-update.win32_2.0.0.202105311346/tools/bin/../lib/gcc/arm-none-eabi/9.3.1/../../../../arm-none-eabi/lib/thumb/v7e-m+fp/hard\libc_nano.a(lib_a-exit.o)
                              d:/study/embedded/stm32cubeide_1.7.0/stm32cubeide/plugins/com.st.stm32cube.ide.mcu.externaltools.gnu-tools-for-stm32.9-2020-q2-update.win32_2.0.0.202105311346/tools/bin/../lib/gcc/arm-none-eabi/9.3.1/../../../../arm-none-eabi/lib/thumb/v7e-m+fp/hard/crt0.o (exit)
d:/study/embedded/stm32cubeide_1.7.0/stm32cubeide/plugins/com.st.stm32cube.ide.mcu.externaltools.gnu-tools-for-stm32.9-2020-q2-update.win32_2.0.0.202105311346/tools/bin/../lib/gcc/arm-none-eabi/9.3.1/../../../../arm-none-eabi/lib/thumb/v7e-m+fp/hard\libc_nano.a(lib_a-impure.o)
                              d:/study/embedded/stm32cubeide_1.7.0/stm32cubeide/plugins/com.st.stm32cube.ide.mcu.externaltools.gnu-tools-for-stm32.9-2020-q2-update.win32_2.0.0.202105311346/tools/bin/../lib/gcc/arm-none-eabi/9.3.1/../../../../arm-none-eabi/lib/thumb/v7e-m+fp/hard\libc_nano.a(lib_a-exit.o) (_global_impure_ptr)
d:/study/embedded/stm32cubeide_1.7.0/stm32cubeide/plugins/com.st.stm32cube.ide.mcu.externaltools.gnu-tools-for-stm32.9-2020-q2-update.win32_2.0.0.202105311346/tools/bin/../lib/gcc/arm-none-eabi/9.3.1/../../../../arm-none-eabi/lib/thumb/v7e-m+fp/hard\libc_nano.a(lib_a-init.o)
                              d:/study/embedded/stm32cubeide_1.7.0/stm32cubeide/plugins/com.st.stm32cube.ide.mcu.externaltools.gnu-tools-for-stm32.9-2020-q2-update.win32_2.0.0.202105311346/tools/bin/../lib/gcc/arm-none-eabi/9.3.1/../../../../arm-none-eabi/lib/thumb/v7e-m+fp/hard/crt0.o (__libc_init_array)
d:/study/embedded/stm32cubeide_1.7.0/stm32cubeide/plugins/com.st.stm32cube.ide.mcu.externaltools.gnu-tools-for-stm32.9-2020-q2-update.win32_2.0.0.202105311346/tools/bin/../lib/gcc/arm-none-eabi/9.3.1/../../../../arm-none-eabi/lib/thumb/v7e-m+fp/hard\libc_nano.a(lib_a-memset.o)
                              d:/study/embedded/stm32cubeide_1.7.0/stm32cubeide/plugins/com.st.stm32cube.ide.mcu.externaltools.gnu-tools-for-stm32.9-2020-q2-update.win32_2.0.0.202105311346/tools/bin/../lib/gcc/arm-none-eabi/9.3.1/../../../../arm-none-eabi/lib/thumb/v7e-m+fp/hard/crt0.o (memset)
d:/study/embedded/stm32cubeide_1.7.0/stm32cubeide/plugins/com.st.stm32cube.ide.mcu.externaltools.gnu-tools-for-stm32.9-2020-q2-update.win32_2.0.0.202105311346/tools/bin/../lib/gcc/arm-none-eabi/9.3.1/../../../../arm-none-eabi/lib/thumb/v7e-m+fp/hard\libc_nano.a(lib_a-strlen.o)
                              ./Core/Src/lcd.o (strlen)
d:/study/embedded/stm32cubeide_1.7.0/stm32cubeide/plugins/com.st.stm32cube.ide.mcu.externaltools.gnu-tools-for-stm32.9-2020-q2-update.win32_2.0.0.202105311346/tools/bin/../lib/gcc/arm-none-eabi/9.3.1/thumb/v7e-m+fp/hard\libgcc.a(_aeabi_uldivmod.o)
                              ./Drivers/STM32F4xx_HAL_Driver/Src/stm32f4xx_hal_rcc.o (__aeabi_uldivmod)
d:/study/embedded/stm32cubeide_1.7.0/stm32cubeide/plugins/com.st.stm32cube.ide.mcu.externaltools.gnu-tools-for-stm32.9-2020-q2-update.win32_2.0.0.202105311346/tools/bin/../lib/gcc/arm-none-eabi/9.3.1/thumb/v7e-m+fp/hard\libgcc.a(_udivmoddi4.o)
                              d:/study/embedded/stm32cubeide_1.7.0/stm32cubeide/plugins/com.st.stm32cube.ide.mcu.externaltools.gnu-tools-for-stm32.9-2020-q2-update.win32_2.0.0.202105311346/tools/bin/../lib/gcc/arm-none-eabi/9.3.1/thumb/v7e-m+fp/hard\libgcc.a(_aeabi_uldivmod.o) (__udivmoddi4)
d:/study/embedded/stm32cubeide_1.7.0/stm32cubeide/plugins/com.st.stm32cube.ide.mcu.externaltools.gnu-tools-for-stm32.9-2020-q2-update.win32_2.0.0.202105311346/tools/bin/../lib/gcc/arm-none-eabi/9.3.1/thumb/v7e-m+fp/hard\libgcc.a(_dvmd_tls.o)
                              d:/study/embedded/stm32cubeide_1.7.0/stm32cubeide/plugins/com.st.stm32cube.ide.mcu.externaltools.gnu-tools-for-stm32.9-2020-q2-update.win32_2.0.0.202105311346/tools/bin/../lib/gcc/arm-none-eabi/9.3.1/thumb/v7e-m+fp/hard\libgcc.a(_aeabi_uldivmod.o) (__aeabi_ldiv0)

Allocating common symbols
Common symbol       size              file

ds3231_sec          0x1               ./Core/Src/ds3231.o
ds3231_year         0x1               ./Core/Src/ds3231.o
hi2c1               0x54              ./Core/Src/i2c.o
uwTick              0x4               ./Drivers/STM32F4xx_HAL_Driver/Src/stm32f4xx_hal.o
pFlash              0x20              ./Drivers/STM32F4xx_HAL_Driver/Src/stm32f4xx_hal_flash.o
hsram1              0x50              ./Core/Src/fsmc.o
[...]
Memory Configuration

Name             Origin             Length             Attributes
CCMRAM           0x0000000010000000 0x0000000000010000 xrw
RAM              0x0000000020000000 0x0000000000020000 xrw
FLASH            0x0000000008000000 0x0000000000100000 xr
*default*        0x0000000000000000 0xffffffffffffffff

Linker script and memory map

LOAD d:/study/embedded/stm32cubeide_1.7.0/stm32cubeide/plugins/com.st.stm32cube.ide.mcu.externaltools.gnu-tools-for-stm32.9-2020-q2-update.win32_2.0.0.202105311346/tools/bin/../lib/gcc/arm-none-eabi/9.3.1/thumb/v7e-m+fp/hard/crti.o
LOAD d:/study/embedded/stm32cubeide_1.7.0/stm32cubeide/plugins/com.st.stm32cube.ide.mcu.externaltools.gnu-tools-for-stm32.9-2020-q2-update.win32_2.0.0.202105311346/tools/bin/../lib/gcc/arm-none-eabi/9.3.1/thumb/v7e-m+fp/hard/crtbegin.o
LOAD d:/study/embedded/stm32cubeide_1.7.0/stm32cubeide/plugins/com.st.stm32cube.ide.mcu.externaltools.gnu-tools-for-stm32.9-2020-q2-update.win32_2.0.0.202105311346/tools/bin/../lib/gcc/arm-none-eabi/9.3.1/../../../../arm-none-eabi/lib/thumb/v7e-m+fp/hard/crt0.o
LOAD ./Core/Src/button.o
LOAD ./Core/Src/ds3231.o
LOAD ./Core/Src/fsm.o
LOAD ./Core/Src/fsmc.o
LOAD ./Core/Src/global.o
LOAD ./Core/Src/gpio.o
LOAD ./Core/Src/i2c.o
LOAD ./Core/Src/lcd.o
LOAD ./Core/Src/led_7seg.o
LOAD ./Core/Src/main.o
LOAD ./Core/Src/picture.o
LOAD ./Core/Src/software_timer.o
LOAD ./Core/Src/spi.o
LOAD ./Core/Src/stm32f4xx_hal_msp.o
LOAD ./Core/Src/stm32f4xx_it.o
LOAD ./Core/Src/syscalls.o
LOAD ./Core/Src/sysmem.o
LOAD ./Core/Src/system_stm32f4xx.o
LOAD ./Core/Src/tim.o
LOAD ./Core/Src/utils.o
LOAD ./Core/Startup/startup_stm32f407zetx.o
LOAD ./Drivers/STM32F4xx_HAL_Driver/Src/stm32f4xx_hal.o
LOAD ./Drivers/STM32F4xx_HAL_Driver/Src/stm32f4xx_hal_cortex.o
LOAD ./Drivers/STM32F4xx_HAL_Driver/Src/stm32f4xx_hal_dma.o
LOAD ./Drivers/STM32F4xx_HAL_Driver/Src/stm32f4xx_hal_dma_ex.o
LOAD ./Drivers/STM32F4xx_HAL_Driver/Src/stm32f4xx_hal_exti.o
LOAD ./Drivers/STM32F4xx_HAL_Driver/Src/stm32f4xx_hal_flash.o
LOAD ./Drivers/STM32F4xx_HAL_Driver/Src/stm32f4xx_hal_flash_ex.o
LOAD ./Drivers/STM32F4xx_HAL_Driver/Src/stm32f4xx_hal_flash_ramfunc.o
LOAD ./Drivers/STM32F4xx_HAL_Driver/Src/stm32f4xx_hal_gpio.o
LOAD ./Drivers/STM32F4xx_HAL_Driver/Src/stm32f4xx_hal_i2c.o
LOAD ./Drivers/STM32F4xx_HAL_Driver/Src/stm32f4xx_hal_i2c_ex.o
LOAD ./Drivers/STM32F4xx_HAL_Driver/Src/stm32f4xx_hal_pwr.o
LOAD ./Drivers/STM32F4xx_HAL_Driver/Src/stm32f4xx_hal_pwr_ex.o
LOAD ./Drivers/STM32F4xx_HAL_Driver/Src/stm32f4xx_hal_rcc.o
LOAD ./Drivers/STM32F4xx_HAL_Driver/Src/stm32f4xx_hal_rcc_ex.o
LOAD ./Drivers/STM32F4xx_HAL_Driver/Src/stm32f4xx_hal_spi.o
LOAD ./Drivers/STM32F4xx_HAL_Driver/Src/stm32f4xx_hal_sram.o
LOAD ./Drivers/STM32F4xx_HAL_Driver/Src/stm32f4xx_hal_tim.o
LOAD ./Drivers/STM32F4xx_HAL_Driver/Src/stm32f4xx_hal_tim_ex.o
LOAD ./Drivers/STM32F4xx_HAL_Driver/Src/stm32f4xx_ll_fsmc.o
START GROUP
LOAD d:/study/embedded/stm32cubeide_1.7.0/stm32cubeide/plugins/com.st.stm32cube.ide.mcu.externaltools.gnu-tools-for-stm32.9-2020-q2-update.win32_2.0.0.202105311346/tools/bin/../lib/gcc/arm-none-eabi/9.3.1/../../../../arm-none-eabi/lib/thumb/v7e-m+fp/hard\libc_nano.a
LOAD d:/study/embedded/stm32cubeide_1.7.0/stm32cubeide/plugins/com.st.stm32cube.ide.mcu.externaltools.gnu-tools-for-stm32.9-2020-q2-update.win32_2.0.0.202105311346/tools/bin/../lib/gcc/arm-none-eabi/9.3.1/../../../../arm-none-eabi/lib/thumb/v7e-m+fp/hard\libm.a
END GROUP
START GROUP
LOAD d:/study/embedded/stm32cubeide_1.7.0/stm32cubeide/plugins/com.st.stm32cube.ide.mcu.externaltools.gnu-tools-for-stm32.9-2020-q2-update.win32_2.0.0.202105311346/tools/bin/../lib/gcc/arm-none-eabi/9.3.1/thumb/v7e-m+fp/hard\libgcc.a
LOAD d:/study/embedded/stm32cubeide_1.7.0/stm32cubeide/plugins/com.st.stm32cube.ide.mcu.externaltools.gnu-tools-for-stm32.9-2020-q2-update.win32_2.0.0.202105311346/tools/bin/../lib/gcc/arm-none-eabi/9.3.1/../../../../arm-none-eabi/lib/thumb/v7e-m+fp/hard\libc_nano.a
END GROUP
START GROUP
LOAD d:/study/embedded/stm32cubeide_1.7.0/stm32cubeide/plugins/com.st.stm32cube.ide.mcu.externaltools.gnu-tools-for-stm32.9-2020-q2-update.win32_2.0.0.202105311346/tools/bin/../lib/gcc/arm-none-eabi/9.3.1/thumb/v7e-m+fp/hard\libgcc.a
LOAD d:/study/embedded/stm32cubeide_1.7.0/stm32cubeide/plugins/com.st.stm32cube.ide.mcu.externaltools.gnu-tools-for-stm32.9-2020-q2-update.win32_2.0.0.202105311346/tools/bin/../lib/gcc/arm-none-eabi/9.3.1/../../../../arm-none-eabi/lib/thumb/v7e-m+fp/hard\libc_nano.a
LOAD d:/study/embedded/stm32cubeide_1.7.0/stm32cubeide/plugins/com.st.stm32cube.ide.mcu.externaltools.gnu-tools-for-stm32.9-2020-q2-update.win32_2.0.0.202105311346/tools/bin/../lib/gcc/arm-none-eabi/9.3.1/../../../../arm-none-eabi/lib/thumb/v7e-m+fp/hard\libnosys.a
END GROUP
START GROUP
LOAD d:/study/embedded/stm32cubeide_1.7.0/stm32cubeide/plugins/com.st.stm32cube.ide.mcu.externaltools.gnu-tools-for-stm32.9-2020-q2-update.win32_2.0.0.202105311346/tools/bin/../lib/gcc/arm-none-eabi/9.3.1/thumb/v7e-m+fp/hard\libgcc.a
LOAD d:/study/embedded/stm32cubeide_1.7.0/stm32cubeide/plugins/com.st.stm32cube.ide.mcu.externaltools.gnu-tools-for-stm32.9-2020-q2-update.win32_2.0.0.202105311346/tools/bin/../lib/gcc/arm-none-eabi/9.3.1/../../../../arm-none-eabi/lib/thumb/v7e-m+fp/hard\libc_nano.a
LOAD d:/study/embedded/stm32cubeide_1.7.0/stm32cubeide/plugins/com.st.stm32cube.ide.mcu.externaltools.gnu-tools-for-stm32.9-2020-q2-update.win32_2.0.0.202105311346/tools/bin/../lib/gcc/arm-none-eabi/9.3.1/../../../../arm-none-eabi/lib/thumb/v7e-m+fp/hard\libnosys.a
END GROUP
LOAD d:/study/embedded/stm32cubeide_1.7.0/stm32cubeide/plugins/com.st.stm32cube.ide.mcu.externaltools.gnu-tools-for-stm32.9-2020-q2-update.win32_2.0.0.202105311346/tools/bin/../lib/gcc/arm-none-eabi/9.3.1/thumb/v7e-m+fp/hard/crtend.o
LOAD d:/study/embedded/stm32cubeide_1.7.0/stm32cubeide/plugins/com.st.stm32cube.ide.mcu.externaltools.gnu-tools-for-stm32.9-2020-q2-update.win32_2.0.0.202105311346/tools/bin/../lib/gcc/arm-none-eabi/9.3.1/thumb/v7e-m+fp/hard/crtn.o
                0x0000000020020000                _estack = (ORIGIN (RAM) + LENGTH (RAM))
                0x0000000000000200                _Min_Heap_Size = 0x200
                0x0000000000000400                _Min_Stack_Size = 0x400

.isr_vector     0x0000000008000000      0x188
                0x0000000008000000                . = ALIGN (0x4)
 *(.isr_vector)
 .isr_vector    0x0000000008000000      0x188 ./Core/Startup/startup_stm32f407zetx.o
                0x0000000008000000                g_pfnVectors
                0x0000000008000188                . = ALIGN (0x4)

.text           0x0000000008000188     0x5da8
                0x0000000008000188                . = ALIGN (0x4)
 *(.text)
 .text          0x0000000008000188       0x40 d:/study/embedded/stm32cubeide_1.7.0/stm32cubeide/plugins/com.st.stm32cube.ide.mcu.externaltools.gnu-tools-for-stm32.9-2020-q2-update.win32_2.0.0.202105311346/tools/bin/../lib/gcc/arm-none-eabi/9.3.1/thumb/v7e-m+fp/hard/crtbegin.o
 .text          0x00000000080001c8       0x30 d:/study/embedded/stm32cubeide_1.7.0/stm32cubeide/plugins/com.st.stm32cube.ide.mcu.externaltools.gnu-tools-for-stm32.9-2020-q2-update.win32_2.0.0.202105311346/tools/bin/../lib/gcc/arm-none-eabi/9.3.1/thumb/v7e-m+fp/hard\libgcc.a(_aeabi_uldivmod.o)
                0x00000000080001c8                __aeabi_uldivmod
 .text          0x00000000080001f8      0x2c4 d:/study/embedded/stm32cubeide_1.7.0/stm32cubeide/plugins/com.st.stm32cube.ide.mcu.externaltools.gnu-tools-for-stm32.9-2020-q2-update.win32_2.0.0.202105311346/tools/bin/../lib/gcc/arm-none-eabi/9.3.1/thumb/v7e-m+fp/hard\libgcc.a(_udivmoddi4.o)
                0x00000000080001f8                __udivmoddi4
 .text          0x00000000080004bc        0x4 d:/study/embedded/stm32cubeide_1.7.0/stm32cubeide/plugins/com.st.stm32cube.ide.mcu.externaltools.gnu-tools-for-stm32.9-2020-q2-update.win32_2.0.0.202105311346/tools/bin/../lib/gcc/arm-none-eabi/9.3.1/thumb/v7e-m+fp/hard\libgcc.a(_dvmd_tls.o)
                0x00000000080004bc                __aeabi_idiv0
                0x00000000080004bc                __aeabi_ldiv0
 *(.text*)
 .text.button_init
                0x00000000080004c0       0x18 ./Core/Src/button.o
                0x00000000080004c0                button_init
 .text.button_Scan
                0x00000000080004d8       0xd8 ./Core/Src/button.o
                0x00000000080004d8                button_Scan
 .text.ds3231_init
                0x00000000080005b0       0x88 ./Core/Src/ds3231.o
                0x00000000080005b0                ds3231_init
 .text.ds3231_Write
                0x0000000008000638       0x44 ./Core/Src/ds3231.o
                0x0000000008000638                ds3231_Write
 .text.ds3231_ReadTime
                0x000000000800067c       0xc8 ./Core/Src/ds3231.o
                0x000000000800067c                ds3231_ReadTime
 .text.displayTime
                0x0000000008000744       0xfc ./Core/Src/fsm.o
                0x0000000008000744                displayTime
 .text.displayTimer
                0x0000000008000840       0x78 ./Core/Src/fsm.o
                0x0000000008000840                displayTimer
 .text.timer_mode
                0x00000000080008b8      0x41c ./Core/Src/fsm.o
                0x00000000080008b8                timer_mode
 .text.alarm    0x0000000008000cd4       0x80 ./Core/Src/fsm.o
                0x0000000008000cd4                alarm
 .text.adjustingTime_mode
                0x0000000008000d54      0x720 ./Core/Src/fsm.o
                0x0000000008000d54                adjustingTime_mode
 .text.fsm_run  0x0000000008001474       0x84 ./Core/Src/fsm.o
                0x0000000008001474                fsm_run
 .text.MX_FSMC_Init
                0x00000000080014f8       0xf4 ./Core/Src/fsmc.o
                0x00000000080014f8                MX_FSMC_Init
 .text.HAL_FSMC_MspInit
                0x00000000080015ec       0x98 ./Core/Src/fsmc.o
 .text.HAL_SRAM_MspInit
                0x0000000008001684       0x14 ./Core/Src/fsmc.o
                0x0000000008001684                HAL_SRAM_MspInit
 .text.MX_GPIO_Init
                0x0000000008001698      0x1f0 ./Core/Src/gpio.o
                0x0000000008001698                MX_GPIO_Init
 .text.MX_I2C1_Init
                0x0000000008001888       0x5c ./Core/Src/i2c.o
                0x0000000008001888                MX_I2C1_Init
 .text.HAL_I2C_MspInit
                0x00000000080018e4       0x90 ./Core/Src/i2c.o
                0x00000000080018e4                HAL_I2C_MspInit
 .text.LCD_WR_REG
                0x0000000008001974       0x20 ./Core/Src/lcd.o
                0x0000000008001974                LCD_WR_REG
 .text.LCD_WR_DATA
                0x0000000008001994       0x20 ./Core/Src/lcd.o
                0x0000000008001994                LCD_WR_DATA
 .text.LCD_RD_DATA
                0x00000000080019b4       0x24 ./Core/Src/lcd.o
                0x00000000080019b4                LCD_RD_DATA
 .text.lcd_AddressSet
                0x00000000080019d8       0x98 ./Core/Src/lcd.o
                0x00000000080019d8                lcd_AddressSet
 .text.lcd_Clear
                0x0000000008001a70       0x74 ./Core/Src/lcd.o
                0x0000000008001a70                lcd_Clear
 .text.lcd_DrawPoint
                0x0000000008001ae4       0x2e ./Core/Src/lcd.o
                0x0000000008001ae4                lcd_DrawPoint
 *fill*         0x0000000008001b12        0x2 
 .text.lcd_ShowChar
                0x0000000008001b14      0x1a0 ./Core/Src/lcd.o
                0x0000000008001b14                lcd_ShowChar
 .text.mypow    0x0000000008001cb4       0x38 ./Core/Src/lcd.o
                0x0000000008001cb4                mypow
 .text.lcd_ShowIntNum
                0x0000000008001cec       0xfc ./Core/Src/lcd.o
                0x0000000008001cec                lcd_ShowIntNum
 .text.lcd_SetDir
                0x0000000008001de8       0x48 ./Core/Src/lcd.o
                0x0000000008001de8                lcd_SetDir
 .text.lcd_init
                0x0000000008001e30      0x2c0 ./Core/Src/lcd.o
                0x0000000008001e30                lcd_init
 .text._draw_circle_8
                0x00000000080020f0      0x116 ./Core/Src/lcd.o
                0x00000000080020f0                _draw_circle_8
 .text.lcd_DrawCircle
                0x0000000008002206       0xd8 ./Core/Src/lcd.o
                0x0000000008002206                lcd_DrawCircle
 *fill*         0x00000000080022de        0x2 
 .text.led7_init
                0x00000000080022e0       0x18 ./Core/Src/led_7seg.o
                0x00000000080022e0                led7_init
 .text.main     0x00000000080022f8       0x6c ./Core/Src/main.o
                0x00000000080022f8                main
 .text.SystemClock_Config
                0x0000000008002364       0xd4 ./Core/Src/main.o
                0x0000000008002364                SystemClock_Config
 .text.system_init
                0x0000000008002438       0x44 ./Core/Src/main.o
                0x0000000008002438                system_init
 .text.updateTime
                0x000000000800247c       0x40 ./Core/Src/main.o
                0x000000000800247c                updateTime
 .text.Error_Handler
                0x00000000080024bc        0xa ./Core/Src/main.o
                0x00000000080024bc                Error_Handler
 *fill*         0x00000000080024c6        0x2 
 .text.timer_init
                0x00000000080024c8       0x14 ./Core/Src/software_timer.o
                0x00000000080024c8                timer_init
 .text.setTimer2
                0x00000000080024dc       0x38 ./Core/Src/software_timer.o
                0x00000000080024dc                setTimer2
 .text.setTimer3
                0x0000000008002514       0x38 ./Core/Src/software_timer.o
                0x0000000008002514                setTimer3
 .text.HAL_TIM_PeriodElapsedCallback
                0x000000000800254c       0x8c ./Core/Src/software_timer.o
                0x000000000800254c                HAL_TIM_PeriodElapsedCallback
 .text.MX_SPI1_Init
                0x00000000080025d8       0x6c ./Core/Src/spi.o
                0x00000000080025d8                MX_SPI1_Init
 .text.HAL_SPI_MspInit
                0x0000000008002644       0x90 ./Core/Src/spi.o
                0x0000000008002644                HAL_SPI_MspInit
 .text.HAL_MspInit
                0x00000000080026d4       0x50 ./Core/Src/stm32f4xx_hal_msp.o
                0x00000000080026d4                HAL_MspInit
 .text.NMI_Handler
                0x0000000008002724        0x6 ./Core/Src/stm32f4xx_it.o
                0x0000000008002724                NMI_Handler
 .text.HardFault_Handler
                0x000000000800272a        0x6 ./Core/Src/stm32f4xx_it.o
                0x000000000800272a                HardFault_Handler
 .text.MemManage_Handler
                0x0000000008002730        0x6 ./Core/Src/stm32f4xx_it.o
                0x0000000008002730                MemManage_Handler
 .text.BusFault_Handler
                0x0000000008002736        0x6 ./Core/Src/stm32f4xx_it.o
                0x0000000008002736                BusFault_Handler
 .text.UsageFault_Handler
                0x000000000800273c        0x6 ./Core/Src/stm32f4xx_it.o
                0x000000000800273c                UsageFault_Handler
 .text.SVC_Handler
                0x0000000008002742        0xe ./Core/Src/stm32f4xx_it.o
                0x0000000008002742                SVC_Handler
 .text.DebugMon_Handler
                0x0000000008002750        0xe ./Core/Src/stm32f4xx_it.o
                0x0000000008002750                DebugMon_Handler
 .text.PendSV_Handler
                0x000000000800275e        0xe ./Core/Src/stm32f4xx_it.o
                0x000000000800275e                PendSV_Handler
 .text.SysTick_Handler
                0x000000000800276c        0xc ./Core/Src/stm32f4xx_it.o
                0x000000000800276c                SysTick_Handler
 .text.TIM2_IRQHandler
                0x0000000008002778       0x14 ./Core/Src/stm32f4xx_it.o
                0x0000000008002778                TIM2_IRQHandler
 .text.SystemInit
                0x000000000800278c       0x24 ./Core/Src/system_stm32f4xx.o
                0x000000000800278c                SystemInit
 .text.MX_TIM2_Init
                0x00000000080027b0       0x98 ./Core/Src/tim.o
                0x00000000080027b0                MX_TIM2_Init
 .text.HAL_TIM_Base_MspInit
                0x0000000008002848       0x4c ./Core/Src/tim.o
                0x0000000008002848                HAL_TIM_Base_MspInit
 .text.BCD2DEC  0x0000000008002894       0x32 ./Core/Src/utils.o
                0x0000000008002894                BCD2DEC
 *fill*         0x00000000080028c6        0x2 
 .text.DEC2BCD  0x00000000080028c8       0x48 ./Core/Src/utils.o
                0x00000000080028c8                DEC2BCD
 .text.Reset_Handler
                0x0000000008002910       0x50 ./Core/Startup/startup_stm32f407zetx.o
                0x0000000008002910                Reset_Handler
 .text.Default_Handler
                0x0000000008002960        0x2 ./Core/Startup/startup_stm32f407zetx.o
                0x0000000008002960                RTC_Alarm_IRQHandler
                0x0000000008002960                HASH_RNG_IRQHandler
                0x0000000008002960                EXTI2_IRQHandler
                0x0000000008002960                TIM8_CC_IRQHandler
                0x0000000008002960                TIM1_CC_IRQHandler
                0x0000000008002960                DMA2_Stream5_IRQHandler
                0x0000000008002960                DMA1_Stream5_IRQHandler
                0x0000000008002960                PVD_IRQHandler
                0x0000000008002960                SDIO_IRQHandler
                0x0000000008002960                TAMP_STAMP_IRQHandler
                0x0000000008002960                CAN2_RX1_IRQHandler
                0x0000000008002960                EXTI3_IRQHandler
                0x0000000008002960                TIM8_TRG_COM_TIM14_IRQHandler
                0x0000000008002960                TIM1_UP_TIM10_IRQHandler
                0x0000000008002960                TIM8_UP_TIM13_IRQHandler
                0x0000000008002960                I2C3_ER_IRQHandler
                0x0000000008002960                EXTI0_IRQHandler
                0x0000000008002960                I2C2_EV_IRQHandler
                0x0000000008002960                DMA1_Stream2_IRQHandler
                0x0000000008002960                CAN1_RX0_IRQHandler
                0x0000000008002960                FPU_IRQHandler
                0x0000000008002960                OTG_HS_WKUP_IRQHandler
                0x0000000008002960                CAN2_SCE_IRQHandler
                0x0000000008002960                DMA2_Stream2_IRQHandler
                0x0000000008002960                SPI1_IRQHandler
                0x0000000008002960                TIM6_DAC_IRQHandler
                0x0000000008002960                TIM1_BRK_TIM9_IRQHandler
                0x0000000008002960                DCMI_IRQHandler
                0x0000000008002960                CAN2_RX0_IRQHandler
                0x0000000008002960                DMA2_Stream3_IRQHandler
                0x0000000008002960                USART6_IRQHandler
                0x0000000008002960                USART3_IRQHandler
                0x0000000008002960                CAN1_RX1_IRQHandler
                0x0000000008002960                UART5_IRQHandler
                0x0000000008002960                DMA2_Stream0_IRQHandler
                0x0000000008002960                TIM4_IRQHandler
                0x0000000008002960                I2C1_EV_IRQHandler
                0x0000000008002960                DMA1_Stream6_IRQHandler
                0x0000000008002960                DMA1_Stream1_IRQHandler
                0x0000000008002960                UART4_IRQHandler
                0x0000000008002960                TIM3_IRQHandler
                0x0000000008002960                RCC_IRQHandler
                0x0000000008002960                TIM8_BRK_TIM12_IRQHandler
                0x0000000008002960                Default_Handler
                0x0000000008002960                EXTI15_10_IRQHandler
                0x0000000008002960                ADC_IRQHandler
                0x0000000008002960                DMA1_Stream7_IRQHandler
                0x0000000008002960                TIM7_IRQHandler
                0x0000000008002960                CAN2_TX_IRQHandler
                0x0000000008002960                TIM5_IRQHandler
                0x0000000008002960                DMA2_Stream7_IRQHandler
                0x0000000008002960                I2C3_EV_IRQHandler
                0x0000000008002960                EXTI9_5_IRQHandler
                0x0000000008002960                RTC_WKUP_IRQHandler
                0x0000000008002960                ETH_WKUP_IRQHandler
                0x0000000008002960                SPI2_IRQHandler
                0x0000000008002960                OTG_HS_EP1_IN_IRQHandler
                0x0000000008002960                DMA1_Stream0_IRQHandler
                0x0000000008002960                CAN1_TX_IRQHandler
                0x0000000008002960                EXTI4_IRQHandler
                0x0000000008002960                FSMC_IRQHandler
                0x0000000008002960                ETH_IRQHandler
                0x0000000008002960                OTG_HS_EP1_OUT_IRQHandler
                0x0000000008002960                WWDG_IRQHandler
                0x0000000008002960                OTG_FS_WKUP_IRQHandler
                0x0000000008002960                TIM1_TRG_COM_TIM11_IRQHandler
                0x0000000008002960                OTG_HS_IRQHandler
                0x0000000008002960                EXTI1_IRQHandler
                0x0000000008002960                USART2_IRQHandler
                0x0000000008002960                I2C2_ER_IRQHandler
                0x0000000008002960                DMA2_Stream1_IRQHandler
                0x0000000008002960                CAN1_SCE_IRQHandler
                0x0000000008002960                FLASH_IRQHandler
                0x0000000008002960                DMA2_Stream4_IRQHandler
                0x0000000008002960                USART1_IRQHandler
                0x0000000008002960                OTG_FS_IRQHandler
                0x0000000008002960                SPI3_IRQHandler
                0x0000000008002960                DMA1_Stream4_IRQHandler
                0x0000000008002960                I2C1_ER_IRQHandler
                0x0000000008002960                DMA2_Stream6_IRQHandler
                0x0000000008002960                DMA1_Stream3_IRQHandler
 *fill*         0x0000000008002962        0x2 
 .text.HAL_Init
                0x0000000008002964       0x44 ./Drivers/STM32F4xx_HAL_Driver/Src/stm32f4xx_hal.o
                0x0000000008002964                HAL_Init
 .text.HAL_InitTick
                0x00000000080029a8       0x60 ./Drivers/STM32F4xx_HAL_Driver/Src/stm32f4xx_hal.o
                0x00000000080029a8                HAL_InitTick
 .text.HAL_IncTick
                0x0000000008002a08       0x28 ./Drivers/STM32F4xx_HAL_Driver/Src/stm32f4xx_hal.o
                0x0000000008002a08                HAL_IncTick
 .text.HAL_GetTick
                0x0000000008002a30       0x18 ./Drivers/STM32F4xx_HAL_Driver/Src/stm32f4xx_hal.o
                0x0000000008002a30                HAL_GetTick
 .text.HAL_Delay
                0x0000000008002a48       0x48 ./Drivers/STM32F4xx_HAL_Driver/Src/stm32f4xx_hal.o
                0x0000000008002a48                HAL_Delay
 .text.__NVIC_SetPriorityGrouping
                0x0000000008002a90       0x48 ./Drivers/STM32F4xx_HAL_Driver/Src/stm32f4xx_hal_cortex.o
 .text.__NVIC_GetPriorityGrouping
                0x0000000008002ad8       0x1c ./Drivers/STM32F4xx_HAL_Driver/Src/stm32f4xx_hal_cortex.o
 .text.__NVIC_EnableIRQ
                0x0000000008002af4       0x3c ./Drivers/STM32F4xx_HAL_Driver/Src/stm32f4xx_hal_cortex.o
 .text.__NVIC_SetPriority
                0x0000000008002b30       0x54 ./Drivers/STM32F4xx_HAL_Driver/Src/stm32f4xx_hal_cortex.o
 .text.NVIC_EncodePriority
                0x0000000008002b84       0x66 ./Drivers/STM32F4xx_HAL_Driver/Src/stm32f4xx_hal_cortex.o
 *fill*         0x0000000008002bea        0x2 
 .text.SysTick_Config
                0x0000000008002bec       0x44 ./Drivers/STM32F4xx_HAL_Driver/Src/stm32f4xx_hal_cortex.o
 .text.HAL_NVIC_SetPriorityGrouping
                0x0000000008002c30       0x16 ./Drivers/STM32F4xx_HAL_Driver/Src/stm32f4xx_hal_cortex.o
                0x0000000008002c30                HAL_NVIC_SetPriorityGrouping
 .text.HAL_NVIC_SetPriority
                0x0000000008002c46       0x38 ./Drivers/STM32F4xx_HAL_Driver/Src/stm32f4xx_hal_cortex.o
                0x0000000008002c46                HAL_NVIC_SetPriority
 .text.HAL_NVIC_EnableIRQ
                0x0000000008002c7e       0x1c ./Drivers/STM32F4xx_HAL_Driver/Src/stm32f4xx_hal_cortex.o
                0x0000000008002c7e                HAL_NVIC_EnableIRQ
 .text.HAL_SYSTICK_Config
                0x0000000008002c9a       0x18 ./Drivers/STM32F4xx_HAL_Driver/Src/stm32f4xx_hal_cortex.o
                0x0000000008002c9a                HAL_SYSTICK_Config
 *fill*         0x0000000008002cb2        0x2 
 .text.HAL_GPIO_Init
                0x0000000008002cb4      0x338 ./Drivers/STM32F4xx_HAL_Driver/Src/stm32f4xx_hal_gpio.o
                0x0000000008002cb4                HAL_GPIO_Init
 .text.HAL_GPIO_WritePin
                0x0000000008002fec       0x32 ./Drivers/STM32F4xx_HAL_Driver/Src/stm32f4xx_hal_gpio.o
                0x0000000008002fec                HAL_GPIO_WritePin
 *fill*         0x000000000800301e        0x2 
 .text.HAL_I2C_Init
                0x0000000008003020      0x288 ./Drivers/STM32F4xx_HAL_Driver/Src/stm32f4xx_hal_i2c.o
                0x0000000008003020                HAL_I2C_Init
 .text.HAL_I2C_Mem_Write
                0x00000000080032a8      0x1f4 ./Drivers/STM32F4xx_HAL_Driver/Src/stm32f4xx_hal_i2c.o
                0x00000000080032a8                HAL_I2C_Mem_Write
 .text.HAL_I2C_Mem_Read
                0x000000000800349c      0x44c ./Drivers/STM32F4xx_HAL_Driver/Src/stm32f4xx_hal_i2c.o
                0x000000000800349c                HAL_I2C_Mem_Read
 .text.HAL_I2C_IsDeviceReady
                0x00000000080038e8      0x25c ./Drivers/STM32F4xx_HAL_Driver/Src/stm32f4xx_hal_i2c.o
                0x00000000080038e8                HAL_I2C_IsDeviceReady
 .text.I2C_RequestMemoryWrite
                0x0000000008003b44      0x12c ./Drivers/STM32F4xx_HAL_Driver/Src/stm32f4xx_hal_i2c.o
 .text.I2C_RequestMemoryRead
                0x0000000008003c70      0x1d0 ./Drivers/STM32F4xx_HAL_Driver/Src/stm32f4xx_hal_i2c.o
 .text.I2C_WaitOnFlagUntilTimeout
                0x0000000008003e40       0xae ./Drivers/STM32F4xx_HAL_Driver/Src/stm32f4xx_hal_i2c.o
 .text.I2C_WaitOnMasterAddressFlagUntilTimeout
                0x0000000008003eee       0xfe ./Drivers/STM32F4xx_HAL_Driver/Src/stm32f4xx_hal_i2c.o
 .text.I2C_WaitOnTXEFlagUntilTimeout
                0x0000000008003fec       0x82 ./Drivers/STM32F4xx_HAL_Driver/Src/stm32f4xx_hal_i2c.o
 .text.I2C_WaitOnBTFFlagUntilTimeout
                0x000000000800406e       0x82 ./Drivers/STM32F4xx_HAL_Driver/Src/stm32f4xx_hal_i2c.o
 .text.I2C_WaitOnRXNEFlagUntilTimeout
                0x00000000080040f0       0xac ./Drivers/STM32F4xx_HAL_Driver/Src/stm32f4xx_hal_i2c.o
 .text.I2C_IsAcknowledgeFailed
                0x000000000800419c       0x5e ./Drivers/STM32F4xx_HAL_Driver/Src/stm32f4xx_hal_i2c.o
 *fill*         0x00000000080041fa        0x2 
 .text.HAL_RCC_OscConfig
                0x00000000080041fc      0x4f0 ./Drivers/STM32F4xx_HAL_Driver/Src/stm32f4xx_hal_rcc.o
                0x00000000080041fc                HAL_RCC_OscConfig
 .text.HAL_RCC_ClockConfig
                0x00000000080046ec      0x1cc ./Drivers/STM32F4xx_HAL_Driver/Src/stm32f4xx_hal_rcc.o
                0x00000000080046ec                HAL_RCC_ClockConfig
 .text.HAL_RCC_GetSysClockFreq
                0x00000000080048b8      0x1c4 ./Drivers/STM32F4xx_HAL_Driver/Src/stm32f4xx_hal_rcc.o
                0x00000000080048b8                HAL_RCC_GetSysClockFreq
 .text.HAL_RCC_GetHCLKFreq
                0x0000000008004a7c       0x18 ./Drivers/STM32F4xx_HAL_Driver/Src/stm32f4xx_hal_rcc.o
                0x0000000008004a7c                HAL_RCC_GetHCLKFreq
 .text.HAL_RCC_GetPCLK1Freq
                0x0000000008004a94       0x28 ./Drivers/STM32F4xx_HAL_Driver/Src/stm32f4xx_hal_rcc.o
                0x0000000008004a94                HAL_RCC_GetPCLK1Freq
 .text.HAL_SPI_Init
                0x0000000008004abc      0x112 ./Drivers/STM32F4xx_HAL_Driver/Src/stm32f4xx_hal_spi.o
                0x0000000008004abc                HAL_SPI_Init
 .text.HAL_SPI_Receive
                0x0000000008004bce      0x222 ./Drivers/STM32F4xx_HAL_Driver/Src/stm32f4xx_hal_spi.o
                0x0000000008004bce                HAL_SPI_Receive
 .text.HAL_SPI_TransmitReceive
                0x0000000008004df0      0x344 ./Drivers/STM32F4xx_HAL_Driver/Src/stm32f4xx_hal_spi.o
                0x0000000008004df0                HAL_SPI_TransmitReceive
 .text.SPI_WaitFlagStateUntilTimeout
                0x0000000008005134      0x110 ./Drivers/STM32F4xx_HAL_Driver/Src/stm32f4xx_hal_spi.o
 .text.SPI_EndRxTransaction
                0x0000000008005244       0xca ./Drivers/STM32F4xx_HAL_Driver/Src/stm32f4xx_hal_spi.o
 *fill*         0x000000000800530e        0x2 
 .text.SPI_EndRxTxTransaction
                0x0000000008005310       0x84 ./Drivers/STM32F4xx_HAL_Driver/Src/stm32f4xx_hal_spi.o
 .text.HAL_SRAM_Init
                0x0000000008005394       0x88 ./Drivers/STM32F4xx_HAL_Driver/Src/stm32f4xx_hal_sram.o
                0x0000000008005394                HAL_SRAM_Init
 .text.HAL_TIM_Base_Init
                0x000000000800541c       0x9e ./Drivers/STM32F4xx_HAL_Driver/Src/stm32f4xx_hal_tim.o
                0x000000000800541c                HAL_TIM_Base_Init
 *fill*         0x00000000080054ba        0x2 
 .text.HAL_TIM_Base_Start_IT
                0x00000000080054bc       0xe0 ./Drivers/STM32F4xx_HAL_Driver/Src/stm32f4xx_hal_tim.o
                0x00000000080054bc                HAL_TIM_Base_Start_IT
 .text.HAL_TIM_IRQHandler
                0x000000000800559c      0x210 ./Drivers/STM32F4xx_HAL_Driver/Src/stm32f4xx_hal_tim.o
                0x000000000800559c                HAL_TIM_IRQHandler
 .text.HAL_TIM_ConfigClockSource
                0x00000000080057ac      0x18e ./Drivers/STM32F4xx_HAL_Driver/Src/stm32f4xx_hal_tim.o
                0x00000000080057ac                HAL_TIM_ConfigClockSource
 .text.HAL_TIM_OC_DelayElapsedCallback
                0x000000000800593a       0x14 ./Drivers/STM32F4xx_HAL_Driver/Src/stm32f4xx_hal_tim.o
                0x000000000800593a                HAL_TIM_OC_DelayElapsedCallback
 .text.HAL_TIM_IC_CaptureCallback
                0x000000000800594e       0x14 ./Drivers/STM32F4xx_HAL_Driver/Src/stm32f4xx_hal_tim.o
                0x000000000800594e                HAL_TIM_IC_CaptureCallback
 .text.HAL_TIM_PWM_PulseFinishedCallback
                0x0000000008005962       0x14 ./Drivers/STM32F4xx_HAL_Driver/Src/stm32f4xx_hal_tim.o
                0x0000000008005962                HAL_TIM_PWM_PulseFinishedCallback
 .text.HAL_TIM_TriggerCallback
                0x0000000008005976       0x14 ./Drivers/STM32F4xx_HAL_Driver/Src/stm32f4xx_hal_tim.o
                0x0000000008005976                HAL_TIM_TriggerCallback
 *fill*         0x000000000800598a        0x2 
 .text.TIM_Base_SetConfig
                0x000000000800598c      0x140 ./Drivers/STM32F4xx_HAL_Driver/Src/stm32f4xx_hal_tim.o
                0x000000000800598c                TIM_Base_SetConfig
 .text.TIM_TI1_ConfigInputStage
                0x0000000008005acc       0x5e ./Drivers/STM32F4xx_HAL_Driver/Src/stm32f4xx_hal_tim.o
 .text.TIM_TI2_ConfigInputStage
                0x0000000008005b2a       0x60 ./Drivers/STM32F4xx_HAL_Driver/Src/stm32f4xx_hal_tim.o
 .text.TIM_ITRx_SetConfig
                0x0000000008005b8a       0x36 ./Drivers/STM32F4xx_HAL_Driver/Src/stm32f4xx_hal_tim.o
 .text.TIM_ETR_SetConfig
                0x0000000008005bc0       0x40 ./Drivers/STM32F4xx_HAL_Driver/Src/stm32f4xx_hal_tim.o
                0x0000000008005bc0                TIM_ETR_SetConfig
 .text.HAL_TIMEx_MasterConfigSynchronization
                0x0000000008005c00       0xf8 ./Drivers/STM32F4xx_HAL_Driver/Src/stm32f4xx_hal_tim_ex.o
                0x0000000008005c00                HAL_TIMEx_MasterConfigSynchronization
 .text.HAL_TIMEx_CommutCallback
                0x0000000008005cf8       0x14 ./Drivers/STM32F4xx_HAL_Driver/Src/stm32f4xx_hal_tim_ex.o
                0x0000000008005cf8                HAL_TIMEx_CommutCallback
 .text.HAL_TIMEx_BreakCallback
                0x0000000008005d0c       0x14 ./Drivers/STM32F4xx_HAL_Driver/Src/stm32f4xx_hal_tim_ex.o
                0x0000000008005d0c                HAL_TIMEx_BreakCallback
 .text.FSMC_NORSRAM_Init
                0x0000000008005d20       0xa4 ./Drivers/STM32F4xx_HAL_Driver/Src/stm32f4xx_ll_fsmc.o
                0x0000000008005d20                FSMC_NORSRAM_Init
 .text.FSMC_NORSRAM_Timing_Init
                0x0000000008005dc4       0x7a ./Drivers/STM32F4xx_HAL_Driver/Src/stm32f4xx_ll_fsmc.o
                0x0000000008005dc4                FSMC_NORSRAM_Timing_Init
 *fill*         0x0000000008005e3e        0x2 
 .text.FSMC_NORSRAM_Extended_Timing_Init
                0x0000000008005e40       0x80 ./Drivers/STM32F4xx_HAL_Driver/Src/stm32f4xx_ll_fsmc.o
                0x0000000008005e40                FSMC_NORSRAM_Extended_Timing_Init
 .text.__libc_init_array
                0x0000000008005ec0       0x48 d:/study/embedded/stm32cubeide_1.7.0/stm32cubeide/plugins/com.st.stm32cube.ide.mcu.externaltools.gnu-tools-for-stm32.9-2020-q2-update.win32_2.0.0.202105311346/tools/bin/../lib/gcc/arm-none-eabi/9.3.1/../../../../arm-none-eabi/lib/thumb/v7e-m+fp/hard\libc_nano.a(lib_a-init.o)
                0x0000000008005ec0                __libc_init_array
 .text.memset   0x0000000008005f08       0x10 d:/study/embedded/stm32cubeide_1.7.0/stm32cubeide/plugins/com.st.stm32cube.ide.mcu.externaltools.gnu-tools-for-stm32.9-2020-q2-update.win32_2.0.0.202105311346/tools/bin/../lib/gcc/arm-none-eabi/9.3.1/../../../../arm-none-eabi/lib/thumb/v7e-m+fp/hard\libc_nano.a(lib_a-memset.o)
                0x0000000008005f08                memset
 *(.glue_7)
 .glue_7        0x0000000008005f18        0x0 linker stubs
 *(.glue_7t)
 .glue_7t       0x0000000008005f18        0x0 linker stubs
 *(.eh_frame)
 .eh_frame      0x0000000008005f18        0x0 d:/study/embedded/stm32cubeide_1.7.0/stm32cubeide/plugins/com.st.stm32cube.ide.mcu.externaltools.gnu-tools-for-stm32.9-2020-q2-update.win32_2.0.0.202105311346/tools/bin/../lib/gcc/arm-none-eabi/9.3.1/thumb/v7e-m+fp/hard/crtbegin.o
 *(.init)
 .init          0x0000000008005f18        0x4 d:/study/embedded/stm32cubeide_1.7.0/stm32cubeide/plugins/com.st.stm32cube.ide.mcu.externaltools.gnu-tools-for-stm32.9-2020-q2-update.win32_2.0.0.202105311346/tools/bin/../lib/gcc/arm-none-eabi/9.3.1/thumb/v7e-m+fp/hard/crti.o
                0x0000000008005f18                _init
 .init          0x0000000008005f1c        0x8 d:/study/embedded/stm32cubeide_1.7.0/stm32cubeide/plugins/com.st.stm32cube.ide.mcu.externaltools.gnu-tools-for-stm32.9-2020-q2-update.win32_2.0.0.202105311346/tools/bin/../lib/gcc/arm-none-eabi/9.3.1/thumb/v7e-m+fp/hard/crtn.o
 *(.fini)
 .fini          0x0000000008005f24        0x4 d:/study/embedded/stm32cubeide_1.7.0/stm32cubeide/plugins/com.st.stm32cube.ide.mcu.externaltools.gnu-tools-for-stm32.9-2020-q2-update.win32_2.0.0.202105311346/tools/bin/../lib/gcc/arm-none-eabi/9.3.1/thumb/v7e-m+fp/hard/crti.o
                0x0000000008005f24                _fini
 .fini          0x0000000008005f28        0x8 d:/study/embedded/stm32cubeide_1.7.0/stm32cubeide/plugins/com.st.stm32cube.ide.mcu.externaltools.gnu-tools-for-stm32.9-2020-q2-update.win32_2.0.0.202105311346/tools/bin/../lib/gcc/arm-none-eabi/9.3.1/thumb/v7e-m+fp/hard/crtn.o
                0x0000000008005f30                . = ALIGN (0x4)
                0x0000000008005f30                _etext = .

.vfp11_veneer   0x0000000008005f30        0x0
 .vfp11_veneer  0x0000000008005f30        0x0 linker stubs

.v4_bx          0x0000000008005f30        0x0
 .v4_bx         0x0000000008005f30        0x0 linker stubs

.iplt           0x0000000008005f30        0x0
 .iplt          0x0000000008005f30        0x0 d:/study/embedded/stm32cubeide_1.7.0/stm32cubeide/plugins/com.st.stm32cube.ide.mcu.externaltools.gnu-tools-for-stm32.9-2020-q2-update.win32_2.0.0.202105311346/tools/bin/../lib/gcc/arm-none-eabi/9.3.1/thumb/v7e-m+fp/hard/crtbegin.o

.rodata         0x0000000008005f30     0x2f98
                0x0000000008005f30                . = ALIGN (0x4)
 *(.rodata)
 *(.rodata*)
 .rodata.ascii_1608
                0x0000000008005f30      0x5f0 ./Core/Src/lcd.o
                0x0000000008005f30                ascii_1608
 .rodata.ascii_2412
                0x0000000008006520     0x11d0 ./Core/Src/lcd.o
                0x0000000008006520                ascii_2412
 .rodata.ascii_3216
                0x00000000080076f0     0x17c0 ./Core/Src/lcd.o
                0x00000000080076f0                ascii_3216
 .rodata.AHBPrescTable
                0x0000000008008eb0       0x10 ./Core/Src/system_stm32f4xx.o
                0x0000000008008eb0                AHBPrescTable
 .rodata.APBPrescTable
                0x0000000008008ec0        0x8 ./Core/Src/system_stm32f4xx.o
                0x0000000008008ec0                APBPrescTable
                0x0000000008008ec8                . = ALIGN (0x4)

.ARM.extab      0x0000000008008ec8        0x0
                0x0000000008008ec8                . = ALIGN (0x4)
 *(.ARM.extab* .gnu.linkonce.armextab.*)
                0x0000000008008ec8                . = ALIGN (0x4)

.ARM            0x0000000008008ec8        0x8
                0x0000000008008ec8                . = ALIGN (0x4)
                0x0000000008008ec8                __exidx_start = .
 *(.ARM.exidx*)
 .ARM.exidx     0x0000000008008ec8        0x8 d:/study/embedded/stm32cubeide_1.7.0/stm32cubeide/plugins/com.st.stm32cube.ide.mcu.externaltools.gnu-tools-for-stm32.9-2020-q2-update.win32_2.0.0.202105311346/tools/bin/../lib/gcc/arm-none-eabi/9.3.1/thumb/v7e-m+fp/hard\libgcc.a(_udivmoddi4.o)
                0x0000000008008ed0                __exidx_end = .
                0x0000000008008ed0                . = ALIGN (0x4)

.rel.dyn        0x0000000008008ed0        0x0
 .rel.iplt      0x0000000008008ed0        0x0 d:/study/embedded/stm32cubeide_1.7.0/stm32cubeide/plugins/com.st.stm32cube.ide.mcu.externaltools.gnu-tools-for-stm32.9-2020-q2-update.win32_2.0.0.202105311346/tools/bin/../lib/gcc/arm-none-eabi/9.3.1/thumb/v7e-m+fp/hard/crtbegin.o

.preinit_array  0x0000000008008ed0        0x0
                0x0000000008008ed0                . = ALIGN (0x4)
                0x0000000008008ed0                PROVIDE (__preinit_array_start = .)
 *(.preinit_array*)
                0x0000000008008ed0                PROVIDE (__preinit_array_end = .)
                0x0000000008008ed0                . = ALIGN (0x4)

.init_array     0x0000000008008ed0        0x4
                0x0000000008008ed0                . = ALIGN (0x4)
                0x0000000008008ed0                PROVIDE (__init_array_start = .)
 *(SORT_BY_NAME(.init_array.*))
 *(.init_array*)
 .init_array    0x0000000008008ed0        0x4 d:/study/embedded/stm32cubeide_1.7.0/stm32cubeide/plugins/com.st.stm32cube.ide.mcu.externaltools.gnu-tools-for-stm32.9-2020-q2-update.win32_2.0.0.202105311346/tools/bin/../lib/gcc/arm-none-eabi/9.3.1/thumb/v7e-m+fp/hard/crtbegin.o
                0x0000000008008ed4                PROVIDE (__init_array_end = .)
                0x0000000008008ed4                . = ALIGN (0x4)

.fini_array     0x0000000008008ed4        0x4
                0x0000000008008ed4                . = ALIGN (0x4)
                [!provide]                        PROVIDE (__fini_array_start = .)
 *(SORT_BY_NAME(.fini_array.*))
 *(.fini_array*)
 .fini_array    0x0000000008008ed4        0x4 d:/study/embedded/stm32cubeide_1.7.0/stm32cubeide/plugins/com.st.stm32cube.ide.mcu.externaltools.gnu-tools-for-stm32.9-2020-q2-update.win32_2.0.0.202105311346/tools/bin/../lib/gcc/arm-none-eabi/9.3.1/thumb/v7e-m+fp/hard/crtbegin.o
                [!provide]                        PROVIDE (__fini_array_end = .)
                0x0000000008008ed8                . = ALIGN (0x4)
                0x0000000008008ed8                _sidata = LOADADDR (.data)

.data           0x0000000020000000        0xc load address 0x0000000008008ed8
                0x0000000020000000                . = ALIGN (0x4)
                0x0000000020000000                _sdata = .
 *(.data)
 *(.data*)
 .data.SystemCoreClock
                0x0000000020000000        0x4 ./Core/Src/system_stm32f4xx.o
                0x0000000020000000                SystemCoreClock
 .data.uwTickPrio
                0x0000000020000004        0x4 ./Drivers/STM32F4xx_HAL_Driver/Src/stm32f4xx_hal.o
                0x0000000020000004                uwTickPrio
 .data.uwTickFreq
                0x0000000020000008        0x1 ./Drivers/STM32F4xx_HAL_Driver/Src/stm32f4xx_hal.o
                0x0000000020000008                uwTickFreq
 *(.RamFunc)
 *(.RamFunc*)
                0x000000002000000c                . = ALIGN (0x4)
 *fill*         0x0000000020000009        0x3 
                0x000000002000000c                _edata = .
                0x0000000008008ee4                _siccmram = LOADADDR (.ccmram)

.igot.plt       0x000000002000000c        0x0 load address 0x0000000008008ee4
 .igot.plt      0x000000002000000c        0x0 d:/study/embedded/stm32cubeide_1.7.0/stm32cubeide/plugins/com.st.stm32cube.ide.mcu.externaltools.gnu-tools-for-stm32.9-2020-q2-update.win32_2.0.0.202105311346/tools/bin/../lib/gcc/arm-none-eabi/9.3.1/thumb/v7e-m+fp/hard/crtbegin.o

.ccmram         0x0000000010000000        0x0 load address 0x0000000008008ee4
                0x0000000010000000                . = ALIGN (0x4)
                0x0000000010000000                _sccmram = .
 *(.ccmram)
 *(.ccmram*)
                0x0000000010000000                . = ALIGN (0x4)
                0x0000000010000000                _eccmram = .
                0x0000000010000000                . = ALIGN (0x4)

.bss            0x000000002000000c      0x1f4
                0x000000002000000c                _sbss = .
                0x000000002000000c                __bss_start__ = _sbss
 *(.bss)
 .bss           0x000000002000000c       0x1c d:/study/embedded/stm32cubeide_1.7.0/stm32cubeide/plugins/com.st.stm32cube.ide.mcu.externaltools.gnu-tools-for-stm32.9-2020-q2-update.win32_2.0.0.202105311346/tools/bin/../lib/gcc/arm-none-eabi/9.3.1/thumb/v7e-m+fp/hard/crtbegin.o
 *(.bss*)
 .bss.spi_button
                0x0000000020000028        0x2 ./Core/Src/button.o
                0x0000000020000028                spi_button
 .bss.count_led_flash
                0x000000002000002a        0x1 ./Core/Src/fsm.o
                0x000000002000002a                count_led_flash
 .bss.flag      0x000000002000002b        0x1 ./Core/Src/fsm.o
                0x000000002000002b                flag
 .bss.timer_hours
                0x000000002000002c        0x1 ./Core/Src/fsm.o
                0x000000002000002c                timer_hours
 .bss.timer_min
                0x000000002000002d        0x1 ./Core/Src/fsm.o
                0x000000002000002d                timer_min
 .bss.timer_sec
                0x000000002000002e        0x1 ./Core/Src/fsm.o
                0x000000002000002e                timer_sec
 .bss.timer_check
                0x000000002000002f        0x1 ./Core/Src/fsm.o
                0x000000002000002f                timer_check
 .bss.FSMC_Initialized
                0x0000000020000030        0x4 ./Core/Src/fsmc.o
 .bss.status    0x0000000020000034        0x4 ./Core/Src/global.o
                0x0000000020000034                status
 .bss.TMP       0x0000000020000038        0x4 ./Core/Src/global.o
                0x0000000020000038                TMP
 .bss.TIMER     0x000000002000003c        0x4 ./Core/Src/global.o
                0x000000002000003c                TIMER
 .bss.flag_timer2
                0x0000000020000040        0x2 ./Core/Src/software_timer.o
                0x0000000020000040                flag_timer2
 .bss.timer2_counter
                0x0000000020000042        0x2 ./Core/Src/software_timer.o
                0x0000000020000042                timer2_counter
 .bss.timer2_MUL
                0x0000000020000044        0x2 ./Core/Src/software_timer.o
                0x0000000020000044                timer2_MUL
 .bss.flag_timer3
                0x0000000020000046        0x2 ./Core/Src/software_timer.o
                0x0000000020000046                flag_timer3
 .bss.timer3_counter
                0x0000000020000048        0x2 ./Core/Src/software_timer.o
                0x0000000020000048                timer3_counter
 .bss.timer3_MUL
                0x000000002000004a        0x2 ./Core/Src/software_timer.o
                0x000000002000004a                timer3_MUL
 *(COMMON)
 COMMON         0x000000002000004c       0x20 ./Core/Src/button.o
                0x000000002000004c                button_count
 COMMON         0x000000002000006c        0xf ./Core/Src/ds3231.o
                0x000000002000006c                ds3231_sec
                0x000000002000006d                ds3231_year
                0x000000002000006e                ds3231_min
                0x000000002000006f                ds3231_date
                0x0000000020000070                ds3231_day
                0x0000000020000071                ds3231_hours
                0x0000000020000072                ds3231_month
                0x0000000020000074                ds3231_buffer
 *fill*         0x000000002000007b        0x1 
 COMMON         0x000000002000007c       0x50 ./Core/Src/fsmc.o
                0x000000002000007c                hsram1
 COMMON         0x00000000200000cc       0x54 ./Core/Src/i2c.o
                0x00000000200000cc                hi2c1
 COMMON         0x0000000020000120       0x3a ./Core/Src/lcd.o
                0x0000000020000120                lcddev
                0x0000000020000128                s
 *fill*         0x000000002000015a        0x2 
 COMMON         0x000000002000015c       0x58 ./Core/Src/spi.o
                0x000000002000015c                hspi1
 COMMON         0x00000000200001b4       0x48 ./Core/Src/tim.o
                0x00000000200001b4                htim2
 COMMON         0x00000000200001fc        0x4 ./Drivers/STM32F4xx_HAL_Driver/Src/stm32f4xx_hal.o
                0x00000000200001fc                uwTick
                0x0000000020000200                . = ALIGN (0x4)
                0x0000000020000200                _ebss = .
                0x0000000020000200                __bss_end__ = _ebss

._user_heap_stack
                0x0000000020000200      0x600
                0x0000000020000200                . = ALIGN (0x8)
                [!provide]                        PROVIDE (end = .)
                0x0000000020000200                PROVIDE (_end = .)
                0x0000000020000400                . = (. + _Min_Heap_Size)
 *fill*         0x0000000020000200      0x200 
                0x0000000020000800                . = (. + _Min_Stack_Size)
 *fill*         0x0000000020000400      0x400 
                0x0000000020000800                . = ALIGN (0x8)

/DISCARD/
 libc.a(*)
 libm.a(*)
 libgcc.a(*)

.ARM.attributes
                0x0000000000000000       0x30
 *(.ARM.attributes)
 .ARM.attributes
                0x0000000000000000       0x1e d:/study/embedded/stm32cubeide_1.7.0/stm32cubeide/plugins/com.st.stm32cube.ide.mcu.externaltools.gnu-tools-for-stm32.9-2020-q2-update.win32_2.0.0.202105311346/tools/bin/../lib/gcc/arm-none-eabi/9.3.1/thumb/v7e-m+fp/hard/crti.o
 .ARM.attributes
                0x000000000000001e       0x34 d:/study/embedded/stm32cubeide_1.7.0/stm32cubeide/plugins/com.st.stm32cube.ide.mcu.externaltools.gnu-tools-for-stm32.9-2020-q2-update.win32_2.0.0.202105311346/tools/bin/../lib/gcc/arm-none-eabi/9.3.1/thumb/v7e-m+fp/hard/crtbegin.o
 .ARM.attributes
                0x0000000000000052       0x34 ./Core/Src/button.o
 .ARM.attributes
                0x0000000000000086       0x34 ./Core/Src/ds3231.o
 .ARM.attributes
                0x00000000000000ba       0x34 ./Core/Src/fsm.o
 .ARM.attributes
                0x00000000000000ee       0x34 ./Core/Src/fsmc.o
 .ARM.attributes
                0x0000000000000122       0x39 ./Core/Src/global.o
 .ARM.attributes
                0x000000000000015b       0x34 ./Core/Src/gpio.o
 .ARM.attributes
                0x000000000000018f       0x34 ./Core/Src/i2c.o
 .ARM.attributes
                0x00000000000001c3       0x34 ./Core/Src/lcd.o
 .ARM.attributes
                0x00000000000001f7       0x34 ./Core/Src/led_7seg.o
 .ARM.attributes
                0x000000000000022b       0x34 ./Core/Src/main.o
 .ARM.attributes
                0x000000000000025f       0x34 ./Core/Src/software_timer.o
 .ARM.attributes
                0x0000000000000293       0x34 ./Core/Src/spi.o
 .ARM.attributes
                0x00000000000002c7       0x34 ./Core/Src/stm32f4xx_hal_msp.o
 .ARM.attributes
                0x00000000000002fb       0x34 ./Core/Src/stm32f4xx_it.o
 .ARM.attributes
                0x000000000000032f       0x34 ./Core/Src/system_stm32f4xx.o
 .ARM.attributes
                0x0000000000000363       0x34 ./Core/Src/tim.o
 .ARM.attributes
                0x0000000000000397       0x34 ./Core/Src/utils.o
 .ARM.attributes
                0x00000000000003cb       0x21 ./Core/Startup/startup_stm32f407zetx.o
 .ARM.attributes
                0x00000000000003ec       0x34 ./Drivers/STM32F4xx_HAL_Driver/Src/stm32f4xx_hal.o
 .ARM.attributes
                0x0000000000000420       0x34 ./Drivers/STM32F4xx_HAL_Driver/Src/stm32f4xx_hal_cortex.o
 .ARM.attributes
                0x0000000000000454       0x34 ./Drivers/STM32F4xx_HAL_Driver/Src/stm32f4xx_hal_gpio.o
 .ARM.attributes
                0x0000000000000488       0x34 ./Drivers/STM32F4xx_HAL_Driver/Src/stm32f4xx_hal_i2c.o
 .ARM.attributes
                0x00000000000004bc       0x34 ./Drivers/STM32F4xx_HAL_Driver/Src/stm32f4xx_hal_rcc.o
 .ARM.attributes
                0x00000000000004f0       0x34 ./Drivers/STM32F4xx_HAL_Driver/Src/stm32f4xx_hal_spi.o
 .ARM.attributes
                0x0000000000000524       0x34 ./Drivers/STM32F4xx_HAL_Driver/Src/stm32f4xx_hal_sram.o
 .ARM.attributes
                0x0000000000000558       0x34 ./Drivers/STM32F4xx_HAL_Driver/Src/stm32f4xx_hal_tim.o
 .ARM.attributes
                0x000000000000058c       0x34 ./Drivers/STM32F4xx_HAL_Driver/Src/stm32f4xx_hal_tim_ex.o
 .ARM.attributes
                0x00000000000005c0       0x34 ./Drivers/STM32F4xx_HAL_Driver/Src/stm32f4xx_ll_fsmc.o
 .ARM.attributes
                0x00000000000005f4       0x34 d:/study/embedded/stm32cubeide_1.7.0/stm32cubeide/plugins/com.st.stm32cube.ide.mcu.externaltools.gnu-tools-for-stm32.9-2020-q2-update.win32_2.0.0.202105311346/tools/bin/../lib/gcc/arm-none-eabi/9.3.1/../../../../arm-none-eabi/lib/thumb/v7e-m+fp/hard\libc_nano.a(lib_a-init.o)
 .ARM.attributes
                0x0000000000000628       0x34 d:/study/embedded/stm32cubeide_1.7.0/stm32cubeide/plugins/com.st.stm32cube.ide.mcu.externaltools.gnu-tools-for-stm32.9-2020-q2-update.win32_2.0.0.202105311346/tools/bin/../lib/gcc/arm-none-eabi/9.3.1/../../../../arm-none-eabi/lib/thumb/v7e-m+fp/hard\libc_nano.a(lib_a-memset.o)
 .ARM.attributes
                0x000000000000065c       0x1e d:/study/embedded/stm32cubeide_1.7.0/stm32cubeide/plugins/com.st.stm32cube.ide.mcu.externaltools.gnu-tools-for-stm32.9-2020-q2-update.win32_2.0.0.202105311346/tools/bin/../lib/gcc/arm-none-eabi/9.3.1/thumb/v7e-m+fp/hard\libgcc.a(_aeabi_uldivmod.o)
 .ARM.attributes
                0x000000000000067a       0x34 d:/study/embedded/stm32cubeide_1.7.0/stm32cubeide/plugins/com.st.stm32cube.ide.mcu.externaltools.gnu-tools-for-stm32.9-2020-q2-update.win32_2.0.0.202105311346/tools/bin/../lib/gcc/arm-none-eabi/9.3.1/thumb/v7e-m+fp/hard\libgcc.a(_udivmoddi4.o)
 .ARM.attributes
                0x00000000000006ae       0x1e d:/study/embedded/stm32cubeide_1.7.0/stm32cubeide/plugins/com.st.stm32cube.ide.mcu.externaltools.gnu-tools-for-stm32.9-2020-q2-update.win32_2.0.0.202105311346/tools/bin/../lib/gcc/arm-none-eabi/9.3.1/thumb/v7e-m+fp/hard\libgcc.a(_dvmd_tls.o)
 .ARM.attributes
                0x00000000000006cc       0x1e d:/study/embedded/stm32cubeide_1.7.0/stm32cubeide/plugins/com.st.stm32cube.ide.mcu.externaltools.gnu-tools-for-stm32.9-2020-q2-update.win32_2.0.0.202105311346/tools/bin/../lib/gcc/arm-none-eabi/9.3.1/thumb/v7e-m+fp/hard/crtn.o
OUTPUT(LAB4.elf elf32-littlearm)
LOAD linker stubs
LOAD d:/study/embedded/stm32cubeide_1.7.0/stm32cubeide/plugins/com.st.stm32cube.ide.mcu.externaltools.gnu-tools-for-stm32.9-2020-q2-update.win32_2.0.0.202105311346/tools/bin/../lib/gcc/arm-none-eabi/9.3.1/../../../../arm-none-eabi/lib/thumb/v7e-m+fp/hard\libc.a
LOAD d:/study/embedded/stm32cubeide_1.7.0/stm32cubeide/plugins/com.st.stm32cube.ide.mcu.externaltools.gnu-tools-for-stm32.9-2020-q2-update.win32_2.0.0.202105311346/tools/bin/../lib/gcc/arm-none-eabi/9.3.1/../../../../arm-none-eabi/lib/thumb/v7e-m+fp/hard\libm.a
LOAD d:/study/embedded/stm32cubeide_1.7.0/stm32cubeide/plugins/com.st.stm32cube.ide.mcu.externaltools.gnu-tools-for-stm32.9-2020-q2-update.win32_2.0.0.202105311346/tools/bin/../lib/gcc/arm-none-eabi/9.3.1/thumb/v7e-m+fp/hard\libgcc.a

.debug_info     0x0000000000000000    0x1a0df
 .debug_info    0x0000000000000000      0x7f4 ./Core/Src/button.o
 .debug_info    0x00000000000007f4     0x1a0b ./Core/Src/ds3231.o
 .debug_info    0x00000000000021ff     0x19b9 ./Core/Src/fsm.o
 .debug_info    0x0000000000003bb8      0xa96 ./Core/Src/fsmc.o
 .debug_info    0x000000000000464e     0x191a ./Core/Src/global.o
 .debug_info    0x0000000000005f68      0x569 ./Core/Src/gpio.o
 .debug_info    0x00000000000064d1      0xa7d ./Core/Src/i2c.o
 .debug_info    0x0000000000006f4e     0x17e8 ./Core/Src/lcd.o
 .debug_info    0x0000000000008736      0x89c ./Core/Src/led_7seg.o
 .debug_info    0x0000000000008fd2     0x1e5c ./Core/Src/main.o
 .debug_info    0x000000000000ae2e      0x86a ./Core/Src/software_timer.o
 .debug_info    0x000000000000b698      0xa5a ./Core/Src/spi.o
 .debug_info    0x000000000000c0f2      0x394 ./Core/Src/stm32f4xx_hal_msp.o
 .debug_info    0x000000000000c486      0x801 ./Core/Src/stm32f4xx_it.o
 .debug_info    0x000000000000cc87      0x5a4 ./Core/Src/system_stm32f4xx.o
 .debug_info    0x000000000000d22b      0xc88 ./Core/Src/tim.o
 .debug_info    0x000000000000deb3       0xd8 ./Core/Src/utils.o
 .debug_info    0x000000000000df8b       0x22 ./Core/Startup/startup_stm32f407zetx.o
 .debug_info    0x000000000000dfad      0x9b2 ./Drivers/STM32F4xx_HAL_Driver/Src/stm32f4xx_hal.o
 .debug_info    0x000000000000e95f      0xed7 ./Drivers/STM32F4xx_HAL_Driver/Src/stm32f4xx_hal_cortex.o
 .debug_info    0x000000000000f836      0x83e ./Drivers/STM32F4xx_HAL_Driver/Src/stm32f4xx_hal_gpio.o
 .debug_info    0x0000000000010074     0x264d ./Drivers/STM32F4xx_HAL_Driver/Src/stm32f4xx_hal_i2c.o
 .debug_info    0x00000000000126c1      0x996 ./Drivers/STM32F4xx_HAL_Driver/Src/stm32f4xx_hal_rcc.o
 .debug_info    0x0000000000013057     0x17c0 ./Drivers/STM32F4xx_HAL_Driver/Src/stm32f4xx_hal_spi.o
 .debug_info    0x0000000000014817      0xbab ./Drivers/STM32F4xx_HAL_Driver/Src/stm32f4xx_hal_sram.o
 .debug_info    0x00000000000153c2     0x2c22 ./Drivers/STM32F4xx_HAL_Driver/Src/stm32f4xx_hal_tim.o
 .debug_info    0x0000000000017fe4     0x15a2 ./Drivers/STM32F4xx_HAL_Driver/Src/stm32f4xx_hal_tim_ex.o
 .debug_info    0x0000000000019586      0xb59 ./Drivers/STM32F4xx_HAL_Driver/Src/stm32f4xx_ll_fsmc.o

.debug_abbrev   0x0000000000000000     0x359e
 .debug_abbrev  0x0000000000000000      0x1bf ./Core/Src/button.o
 .debug_abbrev  0x00000000000001bf      0x253 ./Core/Src/ds3231.o
 .debug_abbrev  0x0000000000000412      0x21a ./Core/Src/fsm.o
 .debug_abbrev  0x000000000000062c      0x1e2 ./Core/Src/fsmc.o
 .debug_abbrev  0x000000000000080e      0x1e6 ./Core/Src/global.o
 .debug_abbrev  0x00000000000009f4      0x14e ./Core/Src/gpio.o
 .debug_abbrev  0x0000000000000b42      0x1bb ./Core/Src/i2c.o
 .debug_abbrev  0x0000000000000cfd      0x390 ./Core/Src/lcd.o
 .debug_abbrev  0x000000000000108d      0x1a9 ./Core/Src/led_7seg.o
 .debug_abbrev  0x0000000000001236      0x2e6 ./Core/Src/main.o
 .debug_abbrev  0x000000000000151c      0x1b6 ./Core/Src/software_timer.o
 .debug_abbrev  0x00000000000016d2      0x1bb ./Core/Src/spi.o
 .debug_abbrev  0x000000000000188d      0x11d ./Core/Src/stm32f4xx_hal_msp.o
 .debug_abbrev  0x00000000000019aa      0x176 ./Core/Src/stm32f4xx_it.o
 .debug_abbrev  0x0000000000001b20      0x145 ./Core/Src/system_stm32f4xx.o
 .debug_abbrev  0x0000000000001c65      0x1bb ./Core/Src/tim.o
 .debug_abbrev  0x0000000000001e20       0x87 ./Core/Src/utils.o
 .debug_abbrev  0x0000000000001ea7       0x12 ./Core/Startup/startup_stm32f407zetx.o
 .debug_abbrev  0x0000000000001eb9      0x1ed ./Drivers/STM32F4xx_HAL_Driver/Src/stm32f4xx_hal.o
 .debug_abbrev  0x00000000000020a6      0x33c ./Drivers/STM32F4xx_HAL_Driver/Src/stm32f4xx_hal_cortex.o
 .debug_abbrev  0x00000000000023e2      0x1f1 ./Drivers/STM32F4xx_HAL_Driver/Src/stm32f4xx_hal_gpio.o
 .debug_abbrev  0x00000000000025d3      0x282 ./Drivers/STM32F4xx_HAL_Driver/Src/stm32f4xx_hal_i2c.o
 .debug_abbrev  0x0000000000002855      0x275 ./Drivers/STM32F4xx_HAL_Driver/Src/stm32f4xx_hal_rcc.o
 .debug_abbrev  0x0000000000002aca      0x26e ./Drivers/STM32F4xx_HAL_Driver/Src/stm32f4xx_hal_spi.o
 .debug_abbrev  0x0000000000002d38      0x1f4 ./Drivers/STM32F4xx_HAL_Driver/Src/stm32f4xx_hal_sram.o
 .debug_abbrev  0x0000000000002f2c      0x25e ./Drivers/STM32F4xx_HAL_Driver/Src/stm32f4xx_hal_tim.o
 .debug_abbrev  0x000000000000318a      0x266 ./Drivers/STM32F4xx_HAL_Driver/Src/stm32f4xx_hal_tim_ex.o
 .debug_abbrev  0x00000000000033f0      0x1ae ./Drivers/STM32F4xx_HAL_Driver/Src/stm32f4xx_ll_fsmc.o

.debug_aranges  0x0000000000000000     0x1250
 .debug_aranges
                0x0000000000000000       0x28 ./Core/Src/button.o
 .debug_aranges
                0x0000000000000028       0x30 ./Core/Src/ds3231.o
 .debug_aranges
                0x0000000000000058       0x48 ./Core/Src/fsm.o
 .debug_aranges
                0x00000000000000a0       0x40 ./Core/Src/fsmc.o
 .debug_aranges
                0x00000000000000e0       0x18 ./Core/Src/global.o
 .debug_aranges
                0x00000000000000f8       0x20 ./Core/Src/gpio.o
 .debug_aranges
                0x0000000000000118       0x30 ./Core/Src/i2c.o
 .debug_aranges
                0x0000000000000148       0xe8 ./Core/Src/lcd.o
 .debug_aranges
                0x0000000000000230       0x48 ./Core/Src/led_7seg.o
 .debug_aranges
                0x0000000000000278       0x68 ./Core/Src/main.o
 .debug_aranges
                0x00000000000002e0       0x38 ./Core/Src/software_timer.o
 .debug_aranges
                0x0000000000000318       0x30 ./Core/Src/spi.o
 .debug_aranges
                0x0000000000000348       0x20 ./Core/Src/stm32f4xx_hal_msp.o
 .debug_aranges
                0x0000000000000368       0x68 ./Core/Src/stm32f4xx_it.o
 .debug_aranges
                0x00000000000003d0       0x28 ./Core/Src/system_stm32f4xx.o
 .debug_aranges
                0x00000000000003f8       0x30 ./Core/Src/tim.o
 .debug_aranges
                0x0000000000000428       0x28 ./Core/Src/utils.o
 .debug_aranges
                0x0000000000000450       0x28 ./Core/Startup/startup_stm32f407zetx.o
 .debug_aranges
                0x0000000000000478       0xf0 ./Drivers/STM32F4xx_HAL_Driver/Src/stm32f4xx_hal.o
 .debug_aranges
                0x0000000000000568      0x118 ./Drivers/STM32F4xx_HAL_Driver/Src/stm32f4xx_hal_cortex.o
 .debug_aranges
                0x0000000000000680       0x58 ./Drivers/STM32F4xx_HAL_Driver/Src/stm32f4xx_hal_gpio.o
 .debug_aranges
                0x00000000000006d8      0x2a0 ./Drivers/STM32F4xx_HAL_Driver/Src/stm32f4xx_hal_i2c.o
 .debug_aranges
                0x0000000000000978       0x88 ./Drivers/STM32F4xx_HAL_Driver/Src/stm32f4xx_hal_rcc.o
 .debug_aranges
                0x0000000000000a00      0x1d0 ./Drivers/STM32F4xx_HAL_Driver/Src/stm32f4xx_hal_spi.o
 .debug_aranges
                0x0000000000000bd0       0xa0 ./Drivers/STM32F4xx_HAL_Driver/Src/stm32f4xx_hal_sram.o
 .debug_aranges
                0x0000000000000c70      0x3d0 ./Drivers/STM32F4xx_HAL_Driver/Src/stm32f4xx_hal_tim.o
 .debug_aranges
                0x0000000000001040      0x168 ./Drivers/STM32F4xx_HAL_Driver/Src/stm32f4xx_hal_tim_ex.o
 .debug_aranges
                0x00000000000011a8       0xa8 ./Drivers/STM32F4xx_HAL_Driver/Src/stm32f4xx_ll_fsmc.o

.debug_ranges   0x0000000000000000     0x10b8
 .debug_ranges  0x0000000000000000       0x18 ./Core/Src/button.o
 .debug_ranges  0x0000000000000018       0x20 ./Core/Src/ds3231.o
 .debug_ranges  0x0000000000000038       0x38 ./Core/Src/fsm.o
 .debug_ranges  0x0000000000000070       0x30 ./Core/Src/fsmc.o
 .debug_ranges  0x00000000000000a0       0x10 ./Core/Src/gpio.o
 .debug_ranges  0x00000000000000b0       0x20 ./Core/Src/i2c.o
 .debug_ranges  0x00000000000000d0       0xd8 ./Core/Src/lcd.o
 .debug_ranges  0x00000000000001a8       0x38 ./Core/Src/led_7seg.o
 .debug_ranges  0x00000000000001e0       0x58 ./Core/Src/main.o
 .debug_ranges  0x0000000000000238       0x28 ./Core/Src/software_timer.o
 .debug_ranges  0x0000000000000260       0x20 ./Core/Src/spi.o
 .debug_ranges  0x0000000000000280       0x10 ./Core/Src/stm32f4xx_hal_msp.o
 .debug_ranges  0x0000000000000290       0x58 ./Core/Src/stm32f4xx_it.o
 .debug_ranges  0x00000000000002e8       0x18 ./Core/Src/system_stm32f4xx.o
 .debug_ranges  0x0000000000000300       0x20 ./Core/Src/tim.o
 .debug_ranges  0x0000000000000320       0x18 ./Core/Src/utils.o
 .debug_ranges  0x0000000000000338       0x20 ./Core/Startup/startup_stm32f407zetx.o
 .debug_ranges  0x0000000000000358       0xe0 ./Drivers/STM32F4xx_HAL_Driver/Src/stm32f4xx_hal.o
 .debug_ranges  0x0000000000000438      0x108 ./Drivers/STM32F4xx_HAL_Driver/Src/stm32f4xx_hal_cortex.o
 .debug_ranges  0x0000000000000540       0x48 ./Drivers/STM32F4xx_HAL_Driver/Src/stm32f4xx_hal_gpio.o
 .debug_ranges  0x0000000000000588      0x2b8 ./Drivers/STM32F4xx_HAL_Driver/Src/stm32f4xx_hal_i2c.o
 .debug_ranges  0x0000000000000840       0x78 ./Drivers/STM32F4xx_HAL_Driver/Src/stm32f4xx_hal_rcc.o
 .debug_ranges  0x00000000000008b8      0x1c0 ./Drivers/STM32F4xx_HAL_Driver/Src/stm32f4xx_hal_spi.o
 .debug_ranges  0x0000000000000a78       0x90 ./Drivers/STM32F4xx_HAL_Driver/Src/stm32f4xx_hal_sram.o
 .debug_ranges  0x0000000000000b08      0x3c0 ./Drivers/STM32F4xx_HAL_Driver/Src/stm32f4xx_hal_tim.o
 .debug_ranges  0x0000000000000ec8      0x158 ./Drivers/STM32F4xx_HAL_Driver/Src/stm32f4xx_hal_tim_ex.o
 .debug_ranges  0x0000000000001020       0x98 ./Drivers/STM32F4xx_HAL_Driver/Src/stm32f4xx_ll_fsmc.o

.debug_macro    0x0000000000000000    0x23a11
 .debug_macro   0x0000000000000000      0x230 ./Core/Src/button.o
 .debug_macro   0x0000000000000230      0xaa8 ./Core/Src/button.o
 .debug_macro   0x0000000000000cd8      0x2a7 ./Core/Src/button.o
 .debug_macro   0x0000000000000f7f       0x2e ./Core/Src/button.o
 .debug_macro   0x0000000000000fad       0x2f ./Core/Src/button.o
 .debug_macro   0x0000000000000fdc       0x22 ./Core/Src/button.o
 .debug_macro   0x0000000000000ffe       0x8e ./Core/Src/button.o
 .debug_macro   0x000000000000108c       0x51 ./Core/Src/button.o
 .debug_macro   0x00000000000010dd      0x103 ./Core/Src/button.o
 .debug_macro   0x00000000000011e0       0x6a ./Core/Src/button.o
 .debug_macro   0x000000000000124a      0x1df ./Core/Src/button.o
 .debug_macro   0x0000000000001429       0x1c ./Core/Src/button.o
 .debug_macro   0x0000000000001445       0x22 ./Core/Src/button.o
 .debug_macro   0x0000000000001467       0xdf ./Core/Src/button.o
 .debug_macro   0x0000000000001546     0x102d ./Core/Src/button.o
 .debug_macro   0x0000000000002573      0x11f ./Core/Src/button.o
 .debug_macro   0x0000000000002692    0x15e58 ./Core/Src/button.o
 .debug_macro   0x00000000000184ea       0x6d ./Core/Src/button.o
 .debug_macro   0x0000000000018557     0x3666 ./Core/Src/button.o
 .debug_macro   0x000000000001bbbd      0x174 ./Core/Src/button.o
 .debug_macro   0x000000000001bd31       0x5c ./Core/Src/button.o
 .debug_macro   0x000000000001bd8d      0x96b ./Core/Src/button.o
 .debug_macro   0x000000000001c6f8      0x9fe ./Core/Src/button.o
 .debug_macro   0x000000000001d0f6      0x116 ./Core/Src/button.o
 .debug_macro   0x000000000001d20c      0x13e ./Core/Src/button.o
 .debug_macro   0x000000000001d34a       0xa5 ./Core/Src/button.o
 .debug_macro   0x000000000001d3ef      0x174 ./Core/Src/button.o
 .debug_macro   0x000000000001d563      0x287 ./Core/Src/button.o
 .debug_macro   0x000000000001d7ea       0x5f ./Core/Src/button.o
 .debug_macro   0x000000000001d849      0x236 ./Core/Src/button.o
 .debug_macro   0x000000000001da7f      0x12c ./Core/Src/button.o
 .debug_macro   0x000000000001dbab      0x21e ./Core/Src/button.o
 .debug_macro   0x000000000001ddc9       0x2e ./Core/Src/button.o
 .debug_macro   0x000000000001ddf7      0x543 ./Core/Src/button.o
 .debug_macro   0x000000000001e33a      0x1b5 ./Core/Src/button.o
 .debug_macro   0x000000000001e4ef       0xd6 ./Core/Src/button.o
 .debug_macro   0x000000000001e5c5      0x11a ./Core/Src/button.o
 .debug_macro   0x000000000001e6df       0x7e ./Core/Src/button.o
 .debug_macro   0x000000000001e75d       0x89 ./Core/Src/button.o
 .debug_macro   0x000000000001e7e6      0x225 ./Core/Src/button.o
 .debug_macro   0x000000000001ea0b      0x8d1 ./Core/Src/button.o
 .debug_macro   0x000000000001f2dc       0x47 ./Core/Src/button.o
 .debug_macro   0x000000000001f323      0x12d ./Core/Src/button.o
 .debug_macro   0x000000000001f450       0x88 ./Core/Src/button.o
 .debug_macro   0x000000000001f4d8      0x3a4 ./Core/Src/ds3231.o
 .debug_macro   0x000000000001f87c       0x18 ./Core/Src/ds3231.o
 .debug_macro   0x000000000001f894       0x52 ./Core/Src/ds3231.o
 .debug_macro   0x000000000001f8e6       0x3c ./Core/Src/ds3231.o
 .debug_macro   0x000000000001f922       0x34 ./Core/Src/ds3231.o
 .debug_macro   0x000000000001f956       0x16 ./Core/Src/ds3231.o
 .debug_macro   0x000000000001f96c       0x35 ./Core/Src/ds3231.o
 .debug_macro   0x000000000001f9a1       0x16 ./Core/Src/ds3231.o
 .debug_macro   0x000000000001f9b7       0x43 ./Core/Src/ds3231.o
 .debug_macro   0x000000000001f9fa       0x34 ./Core/Src/ds3231.o
 .debug_macro   0x000000000001fa2e       0x10 ./Core/Src/ds3231.o
 .debug_macro   0x000000000001fa3e       0x58 ./Core/Src/ds3231.o
 .debug_macro   0x000000000001fa96       0x71 ./Core/Src/ds3231.o
 .debug_macro   0x000000000001fb07       0x1c ./Core/Src/ds3231.o
 .debug_macro   0x000000000001fb23      0x12a ./Core/Src/ds3231.o
 .debug_macro   0x000000000001fc4d      0x333 ./Core/Src/ds3231.o
 .debug_macro   0x000000000001ff80       0x16 ./Core/Src/ds3231.o
 .debug_macro   0x000000000001ff96       0x29 ./Core/Src/ds3231.o
 .debug_macro   0x000000000001ffbf       0x16 ./Core/Src/ds3231.o
 .debug_macro   0x000000000001ffd5       0x20 ./Core/Src/ds3231.o
 .debug_macro   0x000000000001fff5       0xca ./Core/Src/ds3231.o
 .debug_macro   0x00000000000200bf       0x82 ./Core/Src/ds3231.o
 .debug_macro   0x0000000000020141      0x3a8 ./Core/Src/fsm.o
 .debug_macro   0x00000000000204e9      0x21c ./Core/Src/fsmc.o
 .debug_macro   0x0000000000020705      0x39e ./Core/Src/global.o
 .debug_macro   0x0000000000020aa3      0x21c ./Core/Src/gpio.o
 .debug_macro   0x0000000000020cbf      0x21c ./Core/Src/i2c.o
 .debug_macro   0x0000000000020edb      0x331 ./Core/Src/lcd.o
 .debug_macro   0x000000000002120c      0x226 ./Core/Src/led_7seg.o
 .debug_macro   0x0000000000021432      0x3d8 ./Core/Src/main.o
 .debug_macro   0x000000000002180a      0x232 ./Core/Src/software_timer.o
 .debug_macro   0x0000000000021a3c      0x21c ./Core/Src/spi.o
 .debug_macro   0x0000000000021c58      0x212 ./Core/Src/stm32f4xx_hal_msp.o
 .debug_macro   0x0000000000021e6a      0x21c ./Core/Src/stm32f4xx_it.o
 .debug_macro   0x0000000000022086      0x203 ./Core/Src/system_stm32f4xx.o
 .debug_macro   0x0000000000022289      0x21c ./Core/Src/tim.o
 .debug_macro   0x00000000000224a5       0x6d ./Core/Src/utils.o
 .debug_macro   0x0000000000022512      0x263 ./Drivers/STM32F4xx_HAL_Driver/Src/stm32f4xx_hal.o
 .debug_macro   0x0000000000022775      0x203 ./Drivers/STM32F4xx_HAL_Driver/Src/stm32f4xx_hal_cortex.o
 .debug_macro   0x0000000000022978      0x209 ./Drivers/STM32F4xx_HAL_Driver/Src/stm32f4xx_hal_gpio.o
 .debug_macro   0x0000000000022b81      0x24a ./Drivers/STM32F4xx_HAL_Driver/Src/stm32f4xx_hal_i2c.o
 .debug_macro   0x0000000000022dcb      0x227 ./Drivers/STM32F4xx_HAL_Driver/Src/stm32f4xx_hal_rcc.o
 .debug_macro   0x0000000000022ff2      0x212 ./Drivers/STM32F4xx_HAL_Driver/Src/stm32f4xx_hal_spi.o
 .debug_macro   0x0000000000023204      0x203 ./Drivers/STM32F4xx_HAL_Driver/Src/stm32f4xx_hal_sram.o
 .debug_macro   0x0000000000023407      0x204 ./Drivers/STM32F4xx_HAL_Driver/Src/stm32f4xx_hal_tim.o
 .debug_macro   0x000000000002360b      0x203 ./Drivers/STM32F4xx_HAL_Driver/Src/stm32f4xx_hal_tim_ex.o
 .debug_macro   0x000000000002380e      0x203 ./Drivers/STM32F4xx_HAL_Driver/Src/stm32f4xx_ll_fsmc.o

.debug_line     0x0000000000000000    0x1891b
 .debug_line    0x0000000000000000      0x7e1 ./Core/Src/button.o
 .debug_line    0x00000000000007e1      0x9ff ./Core/Src/ds3231.o
 .debug_line    0x00000000000011e0      0xe73 ./Core/Src/fsm.o
 .debug_line    0x0000000000002053      0x856 ./Core/Src/fsmc.o
 .debug_line    0x00000000000028a9      0x958 ./Core/Src/global.o
 .debug_line    0x0000000000003201      0x7b4 ./Core/Src/gpio.o
 .debug_line    0x00000000000039b5      0x7bf ./Core/Src/i2c.o
 .debug_line    0x0000000000004174     0x107f ./Core/Src/lcd.o
 .debug_line    0x00000000000051f3      0x84e ./Core/Src/led_7seg.o
 .debug_line    0x0000000000005a41      0xb0e ./Core/Src/main.o
 .debug_line    0x000000000000654f      0x7ec ./Core/Src/software_timer.o
 .debug_line    0x0000000000006d3b      0x7c7 ./Core/Src/spi.o
 .debug_line    0x0000000000007502      0x756 ./Core/Src/stm32f4xx_hal_msp.o
 .debug_line    0x0000000000007c58      0x830 ./Core/Src/stm32f4xx_it.o
 .debug_line    0x0000000000008488      0x7d7 ./Core/Src/system_stm32f4xx.o
 .debug_line    0x0000000000008c5f      0x7c3 ./Core/Src/tim.o
 .debug_line    0x0000000000009422      0x3f2 ./Core/Src/utils.o
 .debug_line    0x0000000000009814       0x88 ./Core/Startup/startup_stm32f407zetx.o
 .debug_line    0x000000000000989c      0xa3d ./Drivers/STM32F4xx_HAL_Driver/Src/stm32f4xx_hal.o
 .debug_line    0x000000000000a2d9      0xcec ./Drivers/STM32F4xx_HAL_Driver/Src/stm32f4xx_hal_cortex.o
 .debug_line    0x000000000000afc5      0xbb3 ./Drivers/STM32F4xx_HAL_Driver/Src/stm32f4xx_hal_gpio.o
 .debug_line    0x000000000000bb78     0x39e9 ./Drivers/STM32F4xx_HAL_Driver/Src/stm32f4xx_hal_i2c.o
 .debug_line    0x000000000000f561      0xdb9 ./Drivers/STM32F4xx_HAL_Driver/Src/stm32f4xx_hal_rcc.o
 .debug_line    0x000000000001031a     0x1cc5 ./Drivers/STM32F4xx_HAL_Driver/Src/stm32f4xx_hal_spi.o
 .debug_line    0x0000000000011fdf      0xbdf ./Drivers/STM32F4xx_HAL_Driver/Src/stm32f4xx_hal_sram.o
 .debug_line    0x0000000000012bbe     0x3731 ./Drivers/STM32F4xx_HAL_Driver/Src/stm32f4xx_hal_tim.o
 .debug_line    0x00000000000162ef     0x1a3a ./Drivers/STM32F4xx_HAL_Driver/Src/stm32f4xx_hal_tim_ex.o
 .debug_line    0x0000000000017d29      0xbf2 ./Drivers/STM32F4xx_HAL_Driver/Src/stm32f4xx_ll_fsmc.o

.debug_str      0x0000000000000000    0xcf935
 .debug_str     0x0000000000000000    0xc7873 ./Core/Src/button.o
                                      0xc7b88 (size before relaxing)
 .debug_str     0x00000000000c7873     0x3d95 ./Core/Src/ds3231.o
                                      0xcba17 (size before relaxing)
 .debug_str     0x00000000000cb608       0x63 ./Core/Src/fsm.o
                                      0xcb9de (size before relaxing)
 .debug_str     0x00000000000cb66b      0x22c ./Core/Src/fsmc.o
                                      0xc7d85 (size before relaxing)
 .debug_str     0x00000000000cb897       0x15 ./Core/Src/global.o
                                      0xcb990 (size before relaxing)
 .debug_str     0x00000000000cb8ac       0x3c ./Core/Src/gpio.o
                                      0xc7863 (size before relaxing)
 .debug_str     0x00000000000cb8e8       0x4b ./Core/Src/i2c.o
                                      0xc7d63 (size before relaxing)
 .debug_str     0x00000000000cb933      0x290 ./Core/Src/lcd.o
                                      0xcaed3 (size before relaxing)
 .debug_str     0x00000000000cbbc3       0x88 ./Core/Src/led_7seg.o
                                      0xc7bc4 (size before relaxing)
 .debug_str     0x00000000000cbc4b      0x1bf ./Core/Src/main.o
                                      0xcbca6 (size before relaxing)
 .debug_str     0x00000000000cbe0a       0xbc ./Core/Src/software_timer.o
                                      0xc7cc8 (size before relaxing)
 .debug_str     0x00000000000cbec6       0x4b ./Core/Src/spi.o
                                      0xc7cc0 (size before relaxing)
 .debug_str     0x00000000000cbf11       0x2c ./Core/Src/stm32f4xx_hal_msp.o
                                      0xc77c6 (size before relaxing)
 .debug_str     0x00000000000cbf3d       0xcd ./Core/Src/stm32f4xx_it.o
                                      0xc7c8b (size before relaxing)
 .debug_str     0x00000000000cc00a       0xaf ./Core/Src/system_stm32f4xx.o
                                      0xc7616 (size before relaxing)
 .debug_str     0x00000000000cc0b9      0x5c8 ./Core/Src/tim.o
                                      0xc82e3 (size before relaxing)
 .debug_str     0x00000000000cc681       0x24 ./Core/Src/utils.o
                                       0x3d22 (size before relaxing)
 .debug_str     0x00000000000cc6a5       0x36 ./Core/Startup/startup_stm32f407zetx.o
                                         0x91 (size before relaxing)
 .debug_str     0x00000000000cc6db      0x583 ./Drivers/STM32F4xx_HAL_Driver/Src/stm32f4xx_hal.o
                                      0xc80f8 (size before relaxing)
 .debug_str     0x00000000000ccc5e      0x399 ./Drivers/STM32F4xx_HAL_Driver/Src/stm32f4xx_hal_cortex.o
                                      0xc7ee7 (size before relaxing)
 .debug_str     0x00000000000ccff7      0x15a ./Drivers/STM32F4xx_HAL_Driver/Src/stm32f4xx_hal_gpio.o
                                      0xc77bd (size before relaxing)
 .debug_str     0x00000000000cd151      0xac3 ./Drivers/STM32F4xx_HAL_Driver/Src/stm32f4xx_hal_i2c.o
                                      0xc8598 (size before relaxing)
 .debug_str     0x00000000000cdc14      0x24e ./Drivers/STM32F4xx_HAL_Driver/Src/stm32f4xx_hal_rcc.o
                                      0xc7a18 (size before relaxing)
 .debug_str     0x00000000000cde62      0x564 ./Drivers/STM32F4xx_HAL_Driver/Src/stm32f4xx_hal_spi.o
                                      0xc7eba (size before relaxing)
 .debug_str     0x00000000000ce3c6      0x1b4 ./Drivers/STM32F4xx_HAL_Driver/Src/stm32f4xx_hal_sram.o
                                      0xc7b30 (size before relaxing)
 .debug_str     0x00000000000ce57a      0xdc8 ./Drivers/STM32F4xx_HAL_Driver/Src/stm32f4xx_hal_tim.o
                                      0xc8945 (size before relaxing)
 .debug_str     0x00000000000cf342      0x4ee ./Drivers/STM32F4xx_HAL_Driver/Src/stm32f4xx_hal_tim_ex.o
                                      0xc80f6 (size before relaxing)
 .debug_str     0x00000000000cf830      0x105 ./Drivers/STM32F4xx_HAL_Driver/Src/stm32f4xx_ll_fsmc.o
                                      0xc79f7 (size before relaxing)

.comment        0x0000000000000000       0x53
 .comment       0x0000000000000000       0x53 ./Core/Src/button.o
                                         0x54 (size before relaxing)
 .comment       0x0000000000000053       0x54 ./Core/Src/ds3231.o
 .comment       0x0000000000000053       0x54 ./Core/Src/fsm.o
 .comment       0x0000000000000053       0x54 ./Core/Src/fsmc.o
 .comment       0x0000000000000053       0x54 ./Core/Src/global.o
 .comment       0x0000000000000053       0x54 ./Core/Src/gpio.o
 .comment       0x0000000000000053       0x54 ./Core/Src/i2c.o
 .comment       0x0000000000000053       0x54 ./Core/Src/lcd.o
 .comment       0x0000000000000053       0x54 ./Core/Src/led_7seg.o
 .comment       0x0000000000000053       0x54 ./Core/Src/main.o
 .comment       0x0000000000000053       0x54 ./Core/Src/software_timer.o
 .comment       0x0000000000000053       0x54 ./Core/Src/spi.o
 .comment       0x0000000000000053       0x54 ./Core/Src/stm32f4xx_hal_msp.o
 .comment       0x0000000000000053       0x54 ./Core/Src/stm32f4xx_it.o
 .comment       0x0000000000000053       0x54 ./Core/Src/system_stm32f4xx.o
 .comment       0x0000000000000053       0x54 ./Core/Src/tim.o
 .comment       0x0000000000000053       0x54 ./Core/Src/utils.o
 .comment       0x0000000000000053       0x54 ./Drivers/STM32F4xx_HAL_Driver/Src/stm32f4xx_hal.o
 .comment       0x0000000000000053       0x54 ./Drivers/STM32F4xx_HAL_Driver/Src/stm32f4xx_hal_cortex.o
 .comment       0x0000000000000053       0x54 ./Drivers/STM32F4xx_HAL_Driver/Src/stm32f4xx_hal_gpio.o
 .comment       0x0000000000000053       0x54 ./Drivers/STM32F4xx_HAL_Driver/Src/stm32f4xx_hal_i2c.o
 .comment       0x0000000000000053       0x54 ./Drivers/STM32F4xx_HAL_Driver/Src/stm32f4xx_hal_rcc.o
 .comment       0x0000000000000053       0x54 ./Drivers/STM32F4xx_HAL_Driver/Src/stm32f4xx_hal_spi.o
 .comment       0x0000000000000053       0x54 ./Drivers/STM32F4xx_HAL_Driver/Src/stm32f4xx_hal_sram.o
 .comment       0x0000000000000053       0x54 ./Drivers/STM32F4xx_HAL_Driver/Src/stm32f4xx_hal_tim.o
 .comment       0x0000000000000053       0x54 ./Drivers/STM32F4xx_HAL_Driver/Src/stm32f4xx_hal_tim_ex.o
 .comment       0x0000000000000053       0x54 ./Drivers/STM32F4xx_HAL_Driver/Src/stm32f4xx_ll_fsmc.o

.debug_frame    0x0000000000000000     0x4a9c
 .debug_frame   0x0000000000000000       0x50 ./Core/Src/button.o
 .debug_frame   0x0000000000000050       0x74 ./Core/Src/ds3231.o
 .debug_frame   0x00000000000000c4       0xe0 ./Core/Src/fsm.o
 .debug_frame   0x00000000000001a4       0xbc ./Core/Src/fsmc.o
 .debug_frame   0x0000000000000260       0x34 ./Core/Src/gpio.o
 .debug_frame   0x0000000000000294       0x74 ./Core/Src/i2c.o
 .debug_frame   0x0000000000000308      0x3e0 ./Core/Src/lcd.o
 .debug_frame   0x00000000000006e8       0xe8 ./Core/Src/led_7seg.o
 .debug_frame   0x00000000000007d0      0x13c ./Core/Src/main.o
 .debug_frame   0x000000000000090c       0xa4 ./Core/Src/software_timer.o
 .debug_frame   0x00000000000009b0       0x74 ./Core/Src/spi.o
 .debug_frame   0x0000000000000a24       0x38 ./Core/Src/stm32f4xx_hal_msp.o
 .debug_frame   0x0000000000000a5c      0x120 ./Core/Src/stm32f4xx_it.o
 .debug_frame   0x0000000000000b7c       0x58 ./Core/Src/system_stm32f4xx.o
 .debug_frame   0x0000000000000bd4       0x7c ./Core/Src/tim.o
 .debug_frame   0x0000000000000c50       0x60 ./Core/Src/utils.o
 .debug_frame   0x0000000000000cb0      0x374 ./Drivers/STM32F4xx_HAL_Driver/Src/stm32f4xx_hal.o
 .debug_frame   0x0000000000001024      0x498 ./Drivers/STM32F4xx_HAL_Driver/Src/stm32f4xx_hal_cortex.o
 .debug_frame   0x00000000000014bc      0x14c ./Drivers/STM32F4xx_HAL_Driver/Src/stm32f4xx_hal_gpio.o
 .debug_frame   0x0000000000001608      0xc5c ./Drivers/STM32F4xx_HAL_Driver/Src/stm32f4xx_hal_i2c.o
 .debug_frame   0x0000000000002264      0x1f0 ./Drivers/STM32F4xx_HAL_Driver/Src/stm32f4xx_hal_rcc.o
 .debug_frame   0x0000000000002454      0x824 ./Drivers/STM32F4xx_HAL_Driver/Src/stm32f4xx_hal_spi.o
 .debug_frame   0x0000000000002c78      0x2a0 ./Drivers/STM32F4xx_HAL_Driver/Src/stm32f4xx_hal_sram.o
 .debug_frame   0x0000000000002f18     0x11c4 ./Drivers/STM32F4xx_HAL_Driver/Src/stm32f4xx_hal_tim.o
 .debug_frame   0x00000000000040dc      0x638 ./Drivers/STM32F4xx_HAL_Driver/Src/stm32f4xx_hal_tim_ex.o
 .debug_frame   0x0000000000004714      0x2dc ./Drivers/STM32F4xx_HAL_Driver/Src/stm32f4xx_ll_fsmc.o
 .debug_frame   0x00000000000049f0       0x2c d:/study/embedded/stm32cubeide_1.7.0/stm32cubeide/plugins/com.st.stm32cube.ide.mcu.externaltools.gnu-tools-for-stm32.9-2020-q2-update.win32_2.0.0.202105311346/tools/bin/../lib/gcc/arm-none-eabi/9.3.1/../../../../arm-none-eabi/lib/thumb/v7e-m+fp/hard\libc_nano.a(lib_a-init.o)
 .debug_frame   0x0000000000004a1c       0x20 d:/study/embedded/stm32cubeide_1.7.0/stm32cubeide/plugins/com.st.stm32cube.ide.mcu.externaltools.gnu-tools-for-stm32.9-2020-q2-update.win32_2.0.0.202105311346/tools/bin/../lib/gcc/arm-none-eabi/9.3.1/../../../../arm-none-eabi/lib/thumb/v7e-m+fp/hard\libc_nano.a(lib_a-memset.o)
 .debug_frame   0x0000000000004a3c       0x2c d:/study/embedded/stm32cubeide_1.7.0/stm32cubeide/plugins/com.st.stm32cube.ide.mcu.externaltools.gnu-tools-for-stm32.9-2020-q2-update.win32_2.0.0.202105311346/tools/bin/../lib/gcc/arm-none-eabi/9.3.1/thumb/v7e-m+fp/hard\libgcc.a(_aeabi_uldivmod.o)
 .debug_frame   0x0000000000004a68       0x34 d:/study/embedded/stm32cubeide_1.7.0/stm32cubeide/plugins/com.st.stm32cube.ide.mcu.externaltools.gnu-tools-for-stm32.9-2020-q2-update.win32_2.0.0.202105311346/tools/bin/../lib/gcc/arm-none-eabi/9.3.1/thumb/v7e-m+fp/hard\libgcc.a(_udivmoddi4.o)
