main.c:90:5:main	8	static
main.c:153:6:SystemClock_Config	88	static
main.c:194:6:system_init	8	static
main.c:210:6:test_LedDebug	8	static
main.c:217:9:isButtonUp	4	static
main.c:225:9:isButtonDown	4	static
main.c:233:9:isButtonRight	4	static
main.c:241:6:updateTime	8	static
main.c:246:6:displayTime	8	static
main.c:267:6:plot_init	24	static
main.c:286:6:Adc_Connect	40	static
main.c:317:6:Buzzer	8	static
main.c:336:6:send_Uart	16	static
main.c:355:6:lcd_Display	24	static
main.c:371:6:plot_update	16	static
main.c:385:6:Error_Handler	4	static,ignoring_inline_asm
