main.c:97:5:main	8	static
main.c:162:6:SystemClock_Config	88	static
main.c:203:6:system_init	8	static
main.c:218:6:test_LedDebug	8	static
main.c:225:6:test_button	32	static
main.c:235:6:test_lcd	24	static
main.c:244:6:test_Uart	8	static
main.c:255:9:isButtonUp	4	static
main.c:260:9:isButtonUp2s	4	static
main.c:269:9:isButtonDown	4	static
main.c:282:6:display_lcd	24	static
main.c:313:6:updateTime	8	static
main.c:331:6:displaySec	32	static
main.c:347:6:displayMin	32	static
main.c:363:6:displayHour	32	static
main.c:379:6:displayDay	32	static
main.c:394:6:displayDate	32	static
main.c:409:6:displayMonth	32	static
main.c:424:6:displayYear	32	static
main.c:451:6:editTime	40	static
main.c:462:6:displayTime	24	static
main.c:472:6:adjustTime	8	static
main.c:631:6:setTimer	8	static
main.c:685:6:clock_mode	16	static
main.c:735:6:checkAlarm	24	static
main.c:754:6:update_time	144	static
main.c:865:6:Error_Handler	4	static,ignoring_inline_asm
